ARM Linker, 5.03 [Build 76] [MDK-ARM Standard]

==============================================================================

Section Cross References

    startup_rvmdk.o(RESET) refers to startup_rvmdk.o(STACK) for StackMem
    startup_rvmdk.o(RESET) refers to usbdhandler.o(i.USB0DeviceIntHandler) for USB0DeviceIntHandler
    startup_rvmdk.o(RESET) refers to entry.o(.ARM.Collect$$$$00000000) for __main
    usb_dev_gamepad.o(i.ButtonsInit) refers to sysctl.o(i.SysCtlPeripheralReady) for SysCtlPeripheralReady
    usb_dev_gamepad.o(i.ButtonsInit) refers to usb_dev_gamepad.o(i.GetButtons) for GetButtons
    usb_dev_gamepad.o(i.ButtonsInit) refers to usb_dev_gamepad.o(.data) for .data
    usb_dev_gamepad.o(i.GamepadHandler) refers to usb_dev_gamepad.o(.data) for .data
    usb_dev_gamepad.o(i.GetButtons) refers to usb_dev_gamepad.o(.data) for .data
    usb_dev_gamepad.o(i.Init_PeripheralInit) refers to usb_dev_gamepad.o(i.ConfigurePins) for ConfigurePins
    usb_dev_gamepad.o(i.Init_PeripheralInit) refers to usb_dev_gamepad.o(i.ButtonsInit) for ButtonsInit
    usb_dev_gamepad.o(i.Init_PeripheralInit) refers to usb_dev_gamepad.o(i.USBHIDInit) for USBHIDInit
    usb_dev_gamepad.o(i.Test) refers to sysctl.o(i.SysCtlPeripheralReady) for SysCtlPeripheralReady
    usb_dev_gamepad.o(i.Test) refers to gpio.o(i.GPIOPinTypeGPIOInput) for GPIOPinTypeGPIOInput
    usb_dev_gamepad.o(i.Test2) refers to gpio.o(i.GPIOPinTypeGPIOInput) for GPIOPinTypeGPIOInput
    usb_dev_gamepad.o(i.Test2) refers to sysctl.o(i.SysCtlPeripheralReady) for SysCtlPeripheralReady
    usb_dev_gamepad.o(i.Test2) refers to usb_dev_gamepad.o(i.ADCInit) for ADCInit
    usb_dev_gamepad.o(i.USBHIDInit) refers to usbmode.o(i.USBStackModeSet) for USBStackModeSet
    usb_dev_gamepad.o(i.USBHIDInit) refers to usbdhidgamepad.o(i.USBDHIDGamepadInit) for USBDHIDGamepadInit
    usb_dev_gamepad.o(i.USBHIDInit) refers to usb_gamepad_structs.o(.data) for g_sGamepadDevice
    usb_dev_gamepad.o(i.main) refers to usb_dev_gamepad.o(i.Init_SystemInit) for Init_SystemInit
    usb_dev_gamepad.o(i.main) refers to usb_dev_gamepad.o(i.Init_PeripheralInit) for Init_PeripheralInit
    usb_dev_gamepad.o(i.main) refers to usb_dev_gamepad.o(i.GetButtons) for GetButtons
    usb_dev_gamepad.o(i.main) refers to usbdhidgamepad.o(i.USBDHIDGamepadSendReport) for USBDHIDGamepadSendReport
    usb_dev_gamepad.o(i.main) refers to interrupt.o(i.IntMasterDisable) for IntMasterDisable
    usb_dev_gamepad.o(i.main) refers to interrupt.o(i.IntMasterEnable) for IntMasterEnable
    usb_dev_gamepad.o(i.main) refers to usb_dev_gamepad.o(.data) for .data
    usb_dev_gamepad.o(i.main) refers to usb_gamepad_structs.o(.data) for g_sGamepadDevice
    usb_gamepad_structs.o(.constdata) refers to usb_gamepad_structs.o(.constdata) for g_pui8LangDescriptor
    usb_gamepad_structs.o(.constdata) refers to usb_gamepad_structs.o(.constdata) for g_pui8ManufacturerString
    usb_gamepad_structs.o(.constdata) refers to usb_gamepad_structs.o(.constdata) for g_pui8ProductString
    usb_gamepad_structs.o(.constdata) refers to usb_gamepad_structs.o(.constdata) for g_pui8SerialNumberString
    usb_gamepad_structs.o(.constdata) refers to usb_gamepad_structs.o(.constdata) for g_pui8HIDInterfaceString
    usb_gamepad_structs.o(.constdata) refers to usb_gamepad_structs.o(.constdata) for g_pui8ConfigString
    usb_gamepad_structs.o(.data) refers to usb_dev_gamepad.o(i.GamepadHandler) for GamepadHandler
    usb_gamepad_structs.o(.data) refers to usb_gamepad_structs.o(.constdata) for g_ppui8StringDescriptors
    gpio.o(i.GPIOIntRegister) refers to interrupt.o(i.IntRegister) for IntRegister
    gpio.o(i.GPIOIntRegister) refers to interrupt.o(i.IntEnable) for IntEnable
    gpio.o(i.GPIOIntRegister) refers to gpio.o(.constdata) for .constdata
    gpio.o(i.GPIOIntUnregister) refers to interrupt.o(i.IntDisable) for IntDisable
    gpio.o(i.GPIOIntUnregister) refers to interrupt.o(i.IntUnregister) for IntUnregister
    gpio.o(i.GPIOIntUnregister) refers to gpio.o(.constdata) for .constdata
    gpio.o(i.GPIOPinConfigure) refers to gpio.o(.constdata) for .constdata
    gpio.o(i.GPIOPinTypeADC) refers to gpio.o(i.GPIODirModeSet) for GPIODirModeSet
    gpio.o(i.GPIOPinTypeADC) refers to gpio.o(i.GPIOPadConfigSet) for GPIOPadConfigSet
    gpio.o(i.GPIOPinTypeCAN) refers to gpio.o(i.GPIODirModeSet) for GPIODirModeSet
    gpio.o(i.GPIOPinTypeCAN) refers to gpio.o(i.GPIOPadConfigSet) for GPIOPadConfigSet
    gpio.o(i.GPIOPinTypeCIR) refers to gpio.o(i.GPIODirModeSet) for GPIODirModeSet
    gpio.o(i.GPIOPinTypeCIR) refers to gpio.o(i.GPIOPadConfigSet) for GPIOPadConfigSet
    gpio.o(i.GPIOPinTypeComparator) refers to gpio.o(i.GPIODirModeSet) for GPIODirModeSet
    gpio.o(i.GPIOPinTypeComparator) refers to gpio.o(i.GPIOPadConfigSet) for GPIOPadConfigSet
    gpio.o(i.GPIOPinTypeComparatorOutput) refers to gpio.o(i.GPIODirModeSet) for GPIODirModeSet
[...]
    Removing gpio.o(i.GPIOIntUnregister), (88 bytes).
    Removing gpio.o(i.GPIOPadConfigGet), (204 bytes).
    Removing gpio.o(i.GPIOPadConfigSet), (314 bytes).
    Removing gpio.o(i.GPIOPinConfigure), (72 bytes).
    Removing gpio.o(i.GPIOPinRead), (6 bytes).
    Removing gpio.o(i.GPIOPinTypeADC), (28 bytes).
    Removing gpio.o(i.GPIOPinTypeCAN), (28 bytes).
    Removing gpio.o(i.GPIOPinTypeCIR), (28 bytes).
    Removing gpio.o(i.GPIOPinTypeComparator), (28 bytes).
    Removing gpio.o(i.GPIOPinTypeComparatorOutput), (28 bytes).
    Removing gpio.o(i.GPIOPinTypeEPI), (28 bytes).
    Removing gpio.o(i.GPIOPinTypeEthernetLED), (28 bytes).
    Removing gpio.o(i.GPIOPinTypeEthernetMII), (28 bytes).
    Removing gpio.o(i.GPIOPinTypeGPIOInput), (28 bytes).
    Removing gpio.o(i.GPIOPinTypeGPIOOutput), (28 bytes).
    Removing gpio.o(i.GPIOPinTypeGPIOOutputOD), (28 bytes).
    Removing gpio.o(i.GPIOPinTypeI2C), (28 bytes).
    Removing gpio.o(i.GPIOPinTypeI2CSCL), (28 bytes).
    Removing gpio.o(i.GPIOPinTypeKBColumn), (28 bytes).
    Removing gpio.o(i.GPIOPinTypeKBRow), (28 bytes).
    Removing gpio.o(i.GPIOPinTypeLCD), (28 bytes).
    Removing gpio.o(i.GPIOPinTypeLEDSeq), (28 bytes).
    Removing gpio.o(i.GPIOPinTypeLPC), (28 bytes).
    Removing gpio.o(i.GPIOPinTypePECIRx), (28 bytes).
    Removing gpio.o(i.GPIOPinTypePECITx), (28 bytes).
    Removing gpio.o(i.GPIOPinTypePWM), (28 bytes).
    Removing gpio.o(i.GPIOPinTypeQEI), (28 bytes).
    Removing gpio.o(i.GPIOPinTypeSSI), (28 bytes).
    Removing gpio.o(i.GPIOPinTypeTimer), (28 bytes).
    Removing gpio.o(i.GPIOPinTypeUART), (28 bytes).
    Removing gpio.o(i.GPIOPinTypeUSBAnalog), (28 bytes).
    Removing gpio.o(i.GPIOPinTypeUSBDigital), (28 bytes).
    Removing gpio.o(i.GPIOPinTypeWakeHigh), (30 bytes).
    Removing gpio.o(i.GPIOPinTypeWakeLow), (30 bytes).
    Removing gpio.o(i.GPIOPinWakeStatus), (6 bytes).
    Removing gpio.o(i.GPIOPinWrite), (6 bytes).
    Removing gpio.o(.constdata), (528 bytes).
    Removing interrupt.o(i.IntPendClear), (68 bytes).
    Removing interrupt.o(i.IntPendSet), (84 bytes).
    Removing interrupt.o(i.IntPriorityGet), (28 bytes).
    Removing interrupt.o(i.IntPriorityGroupingGet), (36 bytes).
    Removing interrupt.o(i.IntPriorityGroupingSet), (28 bytes).
    Removing interrupt.o(i.IntPriorityMaskGet), (4 bytes).
    Removing interrupt.o(i.IntPriorityMaskSet), (4 bytes).
    Removing interrupt.o(i.IntPrioritySet), (40 bytes).
    Removing interrupt.o(i.IntRegister), (52 bytes).
    Removing interrupt.o(i.IntTrigger), (12 bytes).
    Removing interrupt.o(i.IntUnregister), (20 bytes).
    Removing interrupt.o(i._IntDefaultHandler), (2 bytes).
    Removing interrupt.o(vtable), (620 bytes).
    Removing sysctl.o(.emb_text), (6 bytes).
    Removing sysctl.o(i.SysCtlAltClkConfig), (12 bytes).
    Removing sysctl.o(i.SysCtlClockFreqSet), (712 bytes).
    Removing sysctl.o(i.SysCtlClockGet), (340 bytes).
    Removing sysctl.o(i.SysCtlClockOutConfig), (16 bytes).
    Removing sysctl.o(i.SysCtlClockSet), (288 bytes).
    Removing sysctl.o(i.SysCtlDeepSleep), (32 bytes).
    Removing sysctl.o(i.SysCtlDeepSleepClockConfigSet), (112 bytes).
    Removing sysctl.o(i.SysCtlDeepSleepClockSet), (12 bytes).
    Removing sysctl.o(i.SysCtlDeepSleepPowerSet), (12 bytes).
    Removing sysctl.o(i.SysCtlFlashSectorSizeGet), (56 bytes).
    Removing sysctl.o(i.SysCtlFlashSizeGet), (56 bytes).
    Removing sysctl.o(i.SysCtlGPIOAHBDisable), (28 bytes).
    Removing sysctl.o(i.SysCtlGPIOAHBEnable), (24 bytes).
    Removing sysctl.o(i.SysCtlIntClear), (12 bytes).
    Removing sysctl.o(i.SysCtlIntDisable), (16 bytes).
    Removing sysctl.o(i.SysCtlIntEnable), (16 bytes).
    Removing sysctl.o(i.SysCtlIntRegister), (20 bytes).
    Removing sysctl.o(i.SysCtlIntStatus), (16 bytes).
    Removing sysctl.o(i.SysCtlIntUnregister), (18 bytes).
    Removing sysctl.o(i.SysCtlLDODeepSleepGet), (12 bytes).
    Removing sysctl.o(i.SysCtlLDODeepSleepSet), (12 bytes).
    Removing sysctl.o(i.SysCtlLDOSleepGet), (12 bytes).
    Removing sysctl.o(i.SysCtlLDOSleepSet), (12 bytes).
    Removing sysctl.o(i.SysCtlMOSCConfigSet), (12 bytes).
    Removing sysctl.o(i.SysCtlNMIClear), (16 bytes).
    Removing sysctl.o(i.SysCtlNMIStatus), (12 bytes).
    Removing sysctl.o(i.SysCtlPIOSCCalibrate), (76 bytes).
    Removing sysctl.o(i.SysCtlPWMClockGet), (24 bytes).
    Removing sysctl.o(i.SysCtlPWMClockSet), (20 bytes).
    Removing sysctl.o(i.SysCtlPeripheralClockGating), (68 bytes).
    Removing sysctl.o(i.SysCtlPeripheralDeepSleepDisable), (40 bytes).
    Removing sysctl.o(i.SysCtlPeripheralDeepSleepEnable), (40 bytes).
    Removing sysctl.o(i.SysCtlPeripheralDisable), (40 bytes).
    Removing sysctl.o(i.SysCtlPeripheralPowerOff), (40 bytes).
    Removing sysctl.o(i.SysCtlPeripheralPowerOn), (40 bytes).
    Removing sysctl.o(i.SysCtlPeripheralPresent), (44 bytes).
    Removing sysctl.o(i.SysCtlPeripheralSleepDisable), (40 bytes).
    Removing sysctl.o(i.SysCtlPeripheralSleepEnable), (40 bytes).
    Removing sysctl.o(i.SysCtlReset), (16 bytes).
    Removing sysctl.o(i.SysCtlResetBehaviorGet), (12 bytes).
    Removing sysctl.o(i.SysCtlResetBehaviorSet), (12 bytes).
    Removing sysctl.o(i.SysCtlResetCauseClear), (16 bytes).
    Removing sysctl.o(i.SysCtlResetCauseGet), (12 bytes).
    Removing sysctl.o(i.SysCtlSRAMSizeGet), (16 bytes).
    Removing sysctl.o(i.SysCtlSleep), (4 bytes).
    Removing sysctl.o(i.SysCtlSleepPowerSet), (12 bytes).
    Removing sysctl.o(i.SysCtlUSBPLLDisable), (16 bytes).
    Removing sysctl.o(i.SysCtlVoltageEventClear), (16 bytes).
    Removing sysctl.o(i.SysCtlVoltageEventConfig), (12 bytes).
    Removing sysctl.o(i.SysCtlVoltageEventStatus), (12 bytes).
    Removing sysctl.o(.constdata), (452 bytes).
    Removing usbdhidgamepad.o(i.USBDHIDGamepadTerm), (16 bytes).
    Removing usbmode.o(i.OTGDeviceDisconnect), (28 bytes).
    Removing usbmode.o(i.USB0DualModeIntHandler), (76 bytes).
    Removing usbmode.o(i.USB0OTGModeIntHandler), (204 bytes).
    Removing usbmode.o(i.USBDualModeInit), (116 bytes).
    Removing usbmode.o(i.USBDualModeTerm), (44 bytes).
    Removing usbmode.o(i.USBOTGFeatureSet), (44 bytes).
    Removing usbmode.o(i.USBOTGMain), (136 bytes).
    Removing usbmode.o(i.USBOTGModeInit), (184 bytes).
    Removing usbmode.o(i.USBOTGModeTerm), (52 bytes).
    Removing usbmode.o(i.USBOTGPollRate), (12 bytes).
    Removing usbmode.o(i.USBOTGSetMode), (136 bytes).
    Removing usb.o(i.USBClockDisable), (8 bytes).
    Removing usb.o(i.USBDMAChannelAddressGet), (10 bytes).
    Removing usb.o(i.USBDMAChannelCountGet), (10 bytes).
    Removing usb.o(i.USBDMAChannelStatusClear), (20 bytes).
    Removing usb.o(i.USBDMANumChannels), (8 bytes).
    Removing usb.o(i.USBDevAddrGet), (4 bytes).
    Removing usb.o(i.USBDevEndpointConfigGet), (144 bytes).
    Removing usb.o(i.USBDevLPMRemoteWake), (14 bytes).
    Removing usb.o(i.USBDevSpeedGet), (14 bytes).
    Removing usb.o(i.USBEndpointDataToggleClear), (36 bytes).
    Removing usb.o(i.USBFIFOConfigGet), (80 bytes).
    Removing usb.o(i.USBFIFOFlush), (80 bytes).
    Removing usb.o(i.USBFrameNumberGet), (4 bytes).
    Removing usb.o(i.USBHighSpeed), (18 bytes).
    Removing usb.o(i.USBHostAddrGet), (20 bytes).
    Removing usb.o(i.USBHostAddrSet), (22 bytes).
    Removing usb.o(i.USBHostEndpointConfig), (244 bytes).
    Removing usb.o(i.USBHostEndpointDataAck), (32 bytes).
    Removing usb.o(i.USBHostEndpointDataToggle), (112 bytes).
    Removing usb.o(i.USBHostEndpointPing), (28 bytes).
    Removing usb.o(i.USBHostEndpointSpeed), (84 bytes).
    Removing usb.o(i.USBHostEndpointStatusClear), (40 bytes).
    Removing usb.o(i.USBHostHubAddrGet), (20 bytes).
    Removing usb.o(i.USBHostHubAddrSet), (70 bytes).
    Removing usb.o(i.USBHostLPMConfig), (24 bytes).
    Removing usb.o(i.USBHostLPMResume), (14 bytes).
    Removing usb.o(i.USBHostLPMSend), (36 bytes).
    Removing usb.o(i.USBHostMode), (8 bytes).
    Removing usb.o(i.USBHostPwrConfig), (28 bytes).
    Removing usb.o(i.USBHostPwrDisable), (16 bytes).
    Removing usb.o(i.USBHostPwrEnable), (16 bytes).
    Removing usb.o(i.USBHostPwrFaultDisable), (16 bytes).
    Removing usb.o(i.USBHostPwrFaultEnable), (16 bytes).
    Removing usb.o(i.USBHostRequestIN), (18 bytes).
    Removing usb.o(i.USBHostRequestINClear), (22 bytes).
    Removing usb.o(i.USBHostRequestStatus), (8 bytes).
    Removing usb.o(i.USBHostReset), (18 bytes).
    Removing usb.o(i.USBHostSpeedGet), (44 bytes).
    Removing usb.o(i.USBHostSuspend), (10 bytes).
    Removing usb.o(i.USBIntDisableControl), (44 bytes).
    Removing usb.o(i.USBIntDisableEndpoint), (24 bytes).
    Removing usb.o(i.USBIntRegister), (68 bytes).
    Removing usb.o(i.USBIntUnregister), (68 bytes).
    Removing usb.o(i.USBLPMEndpointGet), (10 bytes).
    Removing usb.o(i.USBLPMIntDisable), (14 bytes).
    Removing usb.o(i.USBLPMLinkStateGet), (10 bytes).
    Removing usb.o(i.USBLPMRemoteWakeEnabled), (14 bytes).
    Removing usb.o(i.USBModeConfig), (6 bytes).
    Removing usb.o(i.USBModeGet), (10 bytes).
    Removing usb.o(i.USBNumEndpointsGet), (10 bytes).
    Removing usb.o(i.USBOTGSessionRequest), (22 bytes).
    Removing usb.o(i.USBPHYPowerOff), (10 bytes).
    Removing usb.o(i.USBPHYPowerOn), (10 bytes).
    Removing usb.o(i.USBULPIConfig), (6 bytes).
    Removing usbdenum.o(i.USBDCDFeatureSet), (124 bytes).
    Removing usbdenum.o(i.USBDCDPowerStatusSet), (28 bytes).
    Removing usbdenum.o(i.USBDCDRemoteWakeLPM), (32 bytes).
    Removing usbdenum.o(i.USBDCDRemoteWakeupRequest), (56 bytes).
    Removing usbdenum.o(i.USBDCDSetDefaultConfiguration), (12 bytes).
    Removing usbdenum.o(i.USBDCDTerm), (92 bytes).
    Removing usbdenum.o(i.USBDeviceEnumResetHandler), (64 bytes).
    Removing usbdhid.o(i.USBDHIDPacketRead), (132 bytes).
    Removing usbdhid.o(i.USBDHIDPowerStatusSet), (6 bytes).
    Removing usbdhid.o(i.USBDHIDRemoteWakeupRequest), (6 bytes).
    Removing usbdhid.o(i.USBDHIDRxPacketAvailable), (38 bytes).
    Removing usbdhid.o(i.USBDHIDSetRxCBData), (8 bytes).
    Removing usbdhid.o(i.USBDHIDSetTxCBData), (8 bytes).
    Removing usbdhid.o(i.USBDHIDTerm), (18 bytes).
    Removing usbhostenum.o(i.ConfigDescAlloc), (120 bytes).
    Removing usbhostenum.o(i.ConfigDescFree), (68 bytes).
    Removing usbhostenum.o(i.InternalUSBHCDSendEvent), (60 bytes).
    Removing usbhostenum.o(i.ProcessUSBDeviceStateMachine), (992 bytes).
    Removing usbhostenum.o(i.USB0HostIntHandler), (24 bytes).
    Removing usbhostenum.o(i.USBHCDControlTransfer), (580 bytes).
    Removing usbhostenum.o(i.USBHCDDevAddress), (40 bytes).
    Removing usbhostenum.o(i.USBHCDDevClass), (60 bytes).
    Removing usbhostenum.o(i.USBHCDDevHubPort), (40 bytes).
    Removing usbhostenum.o(i.USBHCDDevProtocol), (60 bytes).
    Removing usbhostenum.o(i.USBHCDDevSubClass), (60 bytes).
    Removing usbhostenum.o(i.USBHCDDeviceDisconnected), (168 bytes).
    Removing usbhostenum.o(i.USBHCDEventDisable), (88 bytes).
    Removing usbhostenum.o(i.USBHCDEventEnable), (88 bytes).
    Removing usbhostenum.o(i.USBHCDFeatureSet), (144 bytes).
    Removing usbhostenum.o(i.USBHCDHubDeviceConnected), (100 bytes).
    Removing usbhostenum.o(i.USBHCDHubDeviceDisconnected), (16 bytes).
    Removing usbhostenum.o(i.USBHCDInit), (256 bytes).
    Removing usbhostenum.o(i.USBHCDInitInternal), (420 bytes).
    Removing usbhostenum.o(i.USBHCDLPMResume), (12 bytes).
    Removing usbhostenum.o(i.USBHCDLPMSleep), (96 bytes).
    Removing usbhostenum.o(i.USBHCDLPMStatus), (26 bytes).
    Removing usbhostenum.o(i.USBHCDMain), (276 bytes).
    Removing usbhostenum.o(i.USBHCDPipeAlloc), (12 bytes).
    Removing usbhostenum.o(i.USBHCDPipeAllocSize), (756 bytes).
    Removing usbhostenum.o(i.USBHCDPipeConfig), (236 bytes).
    Removing usbhostenum.o(i.USBHCDPipeDataAck), (48 bytes).
    Removing usbhostenum.o(i.USBHCDPipeFree), (296 bytes).
    Removing usbhostenum.o(i.USBHCDPipeRead), (496 bytes).
    Removing usbhostenum.o(i.USBHCDPipeReadNonBlocking), (68 bytes).
    Removing usbhostenum.o(i.USBHCDPipeSchedule), (180 bytes).
    Removing usbhostenum.o(i.USBHCDPipeStatus), (4 bytes).
    Removing usbhostenum.o(i.USBHCDPipeTransferSizeGet), (28 bytes).
    Removing usbhostenum.o(i.USBHCDPipeWrite), (456 bytes).
    Removing usbhostenum.o(i.USBHCDPowerAutomatic), (20 bytes).
    Removing usbhostenum.o(i.USBHCDPowerConfigGet), (12 bytes).
    Removing usbhostenum.o(i.USBHCDPowerConfigInit), (12 bytes).
    Removing usbhostenum.o(i.USBHCDPowerConfigSet), (84 bytes).
    Removing usbhostenum.o(i.USBHCDRegisterDrivers), (16 bytes).
    Removing usbhostenum.o(i.USBHCDReset), (60 bytes).
    Removing usbhostenum.o(i.USBHCDResume), (44 bytes).
    Removing usbhostenum.o(i.USBHCDSetAddress), (84 bytes).
    Removing usbhostenum.o(i.USBHCDSetConfig), (48 bytes).
    Removing usbhostenum.o(i.USBHCDSetInterface), (50 bytes).
    Removing usbhostenum.o(i.USBHCDStringDescriptorGet), (58 bytes).
    Removing usbhostenum.o(i.USBHCDSuspend), (12 bytes).
    Removing usbhostenum.o(i.USBHCDTerm), (140 bytes).
    Removing usbhostenum.o(i.USBHostCheckPipes), (120 bytes).
    Removing usbhostenum.o(i.USBHostIntHandlerInternal), (1244 bytes).
    Removing usbhostenum.o(.bss), (1812 bytes).
    Removing usbhostenum.o(.data), (32 bytes).
    Removing usbtick.o(i.InternalUSBTickReset), (12 bytes).
    Removing usbdcdesc.o(i.USBDCDConfigGetNumAlternateInterfaces), (88 bytes).
    Removing usbdesc.o(i.USBDescGetInterface), (122 bytes).
    Removing usbdesc.o(i.USBDescGetInterfaceEndpoint), (64 bytes).
    Removing usbdesc.o(i.USBDescGetNumAlternateInterfaces), (42 bytes).
    Removing usbdma.o(i.USBLibDMAAddrGet), (8 bytes).
    Removing usbdma.o(i.USBLibDMASizeGet), (8 bytes).
    Removing usbhhub.o(i.HubDriverClose), (132 bytes).
    Removing usbhhub.o(i.HubDriverOpen), (400 bytes).
    Removing usbhhub.o(i.HubIntINCallback), (88 bytes).
    Removing usbhhub.o(i.USBHHubClose), (8 bytes).
    Removing usbhhub.o(i.USBHHubEnumerationComplete), (28 bytes).
    Removing usbhhub.o(i.USBHHubEnumerationError), (28 bytes).
    Removing usbhhub.o(i.USBHHubInit), (68 bytes).
    Removing usbhhub.o(i.USBHHubLPMSleep), (6 bytes).
    Removing usbhhub.o(i.USBHHubLPMStatus), (6 bytes).
    Removing usbhhub.o(i.USBHHubMain), (888 bytes).
    Removing usbhhub.o(i.USBHHubOpen), (20 bytes).
    Removing usbhhub.o(.bss), (156 bytes).
    Removing usbhhub.o(.constdata), (16 bytes).
    Removing usbhhub.o(.data), (8 bytes).
    Removing usbulpi.o(i.ULPIPowerTransceiver), (18 bytes).
    Removing udma.o(i.uDMAChannelAssign), (44 bytes).
    Removing udma.o(i.uDMAChannelAttributeEnable), (72 bytes).
    Removing udma.o(i.uDMAChannelAttributeGet), (64 bytes).
    Removing udma.o(i.uDMAChannelIsEnabled), (28 bytes).
    Removing udma.o(i.uDMAChannelRequest), (20 bytes).
    Removing udma.o(i.uDMAChannelScatterGatherSet), (84 bytes).
    Removing udma.o(i.uDMAChannelSelectDefault), (16 bytes).
    Removing udma.o(i.uDMAChannelSelectSecondary), (16 bytes).
    Removing udma.o(i.uDMAChannelSizeGet), (32 bytes).
    Removing udma.o(i.uDMAControlAlternateBaseGet), (12 bytes).
    Removing udma.o(i.uDMAControlBaseGet), (12 bytes).
    Removing udma.o(i.uDMAControlBaseSet), (12 bytes).
    Removing udma.o(i.uDMADisable), (12 bytes).
    Removing udma.o(i.uDMAEnable), (12 bytes).
    Removing udma.o(i.uDMAErrorStatusClear), (12 bytes).
    Removing udma.o(i.uDMAErrorStatusGet), (12 bytes).
    Removing udma.o(i.uDMAIntClear), (12 bytes).
    Removing udma.o(i.uDMAIntRegister), (18 bytes).
    Removing udma.o(i.uDMAIntStatus), (12 bytes).
    Removing udma.o(i.uDMAIntUnregister), (18 bytes).

293 unused section(s) (total 23250 bytes) removed from the image.

==============================================================================

Image Symbol Table

    Local Symbols

    Symbol Name                              Value     Ov Type        Size  Object(Section)

    RESET                                    0x00000000   Section      648  startup_rvmdk.o(RESET)
    ../clib/../cmprslib/zerorunl.c           0x00000000   Number         0  __dczerorl.o ABSOLUTE
    ../clib/microlib/init/entry.s            0x00000000   Number         0  entry10a.o ABSOLUTE
    ../clib/microlib/init/entry.s            0x00000000   Number         0  entry9b.o ABSOLUTE
    ../clib/microlib/init/entry.s            0x00000000   Number         0  entry7a.o ABSOLUTE
    ../clib/microlib/init/entry.s            0x00000000   Number         0  entry9a.o ABSOLUTE
    ../clib/microlib/init/entry.s            0x00000000   Number         0  entry8a.o ABSOLUTE
    ../clib/microlib/init/entry.s            0x00000000   Number         0  entry8b.o ABSOLUTE
    ../clib/microlib/init/entry.s            0x00000000   Number         0  entry7b.o ABSOLUTE
    ../clib/microlib/init/entry.s            0x00000000   Number         0  entry.o ABSOLUTE
    ../clib/microlib/init/entry.s            0x00000000   Number         0  entry11b.o ABSOLUTE
    ../clib/microlib/init/entry.s            0x00000000   Number         0  entry2.o ABSOLUTE
    ../clib/microlib/init/entry.s            0x00000000   Number         0  entry5.o ABSOLUTE
    ../clib/microlib/init/entry.s            0x00000000   Number         0  entry11a.o ABSOLUTE
    ../clib/microlib/init/entry.s            0x00000000   Number         0  entry10b.o ABSOLUTE
    cpu.c                                    0x00000000   Number         0  cpu.o ABSOLUTE
    cpu.c                                    0x00000000   Number         0  cpu.o ABSOLUTE
    dc.s                                     0x00000000   Number         0  dc.o ABSOLUTE
    device\usbdcdesc.c                       0x00000000   Number         0  usbdcdesc.o ABSOLUTE
    device\usbdconfig.c                      0x00000000   Number         0  usbdconfig.o ABSOLUTE
    device\usbdenum.c                        0x00000000   Number         0  usbdenum.o ABSOLUTE
    device\usbdhandler.c                     0x00000000   Number         0  usbdhandler.o ABSOLUTE
    device\usbdhid.c                         0x00000000   Number         0  usbdhid.o ABSOLUTE
    device\usbdhidgamepad.c                  0x00000000   Number         0  usbdhidgamepad.o ABSOLUTE
    gpio.c                                   0x00000000   Number         0  gpio.o ABSOLUTE
    handlers.s                               0x00000000   Number         0  handlers.o ABSOLUTE
    host\usbhhub.c                           0x00000000   Number         0  usbhhub.o ABSOLUTE
    host\usbhostenum.c                       0x00000000   Number         0  usbhostenum.o ABSOLUTE
    init.s                                   0x00000000   Number         0  init.o ABSOLUTE
    interrupt.c                              0x00000000   Number         0  interrupt.o ABSOLUTE
    startup_rvmdk.S                          0x00000000   Number         0  startup_rvmdk.o ABSOLUTE
    sysctl.c                                 0x00000000   Number         0  sysctl.o ABSOLUTE
    sysctl.c                                 0x00000000   Number         0  sysctl.o ABSOLUTE
    udma.c                                   0x00000000   Number         0  udma.o ABSOLUTE
    usb.c                                    0x00000000   Number         0  usb.o ABSOLUTE
    usb_dev_gamepad.c                        0x00000000   Number         0  usb_dev_gamepad.o ABSOLUTE
    usb_gamepad_structs.c                    0x00000000   Number         0  usb_gamepad_structs.o ABSOLUTE
    usbdesc.c                                0x00000000   Number         0  usbdesc.o ABSOLUTE
    usbdma.c                                 0x00000000   Number         0  usbdma.o ABSOLUTE
    usbmode.c                                0x00000000   Number         0  usbmode.o ABSOLUTE
    usbtick.c                                0x00000000   Number         0  usbtick.o ABSOLUTE
    usbulpi.c                                0x00000000   Number         0  usbulpi.o ABSOLUTE
    $v0                                      0x0000026c   Number         0  startup_rvmdk.o(RESET)
    NmiSR                                    0x00000281   Thumb Code     0  startup_rvmdk.o(RESET)
    FaultISR                                 0x00000283   Thumb Code     0  startup_rvmdk.o(RESET)
    IntDefaultHandler                        0x00000285   Thumb Code     0  startup_rvmdk.o(RESET)
    .ARM.Collect$$$$00000000                 0x00000288   Section        0  entry.o(.ARM.Collect$$$$00000000)
    .ARM.Collect$$$$00000001                 0x00000288   Section        4  entry2.o(.ARM.Collect$$$$00000001)
    .ARM.Collect$$$$00000004                 0x0000028c   Section        4  entry5.o(.ARM.Collect$$$$00000004)
    .ARM.Collect$$$$00000008                 0x00000290   Section        0  entry7b.o(.ARM.Collect$$$$00000008)
    .ARM.Collect$$$$0000000A                 0x00000290   Section        0  entry8b.o(.ARM.Collect$$$$0000000A)
    .ARM.Collect$$$$0000000B                 0x00000290   Section        8  entry9a.o(.ARM.Collect$$$$0000000B)
    .ARM.Collect$$$$0000000D                 0x00000298   Section        0  entry10a.o(.ARM.Collect$$$$0000000D)
    .ARM.Collect$$$$0000000F                 0x00000298   Section        0  entry11a.o(.ARM.Collect$$$$0000000F)
    .ARM.Collect$$$$00002712                 0x00000298   Section        4  entry2.o(.ARM.Collect$$$$00002712)
    __lit__00000000                          0x00000298   Data           4  entry2.o(.ARM.Collect$$$$00002712)
    .emb_text                                0x0000029c   Section       38  cpu.o(.emb_text)
    $v0                                      0x0000029c   Number         0  cpu.o(.emb_text)
    .text                                    0x000002c4   Section       36  init.o(.text)
    .text                                    0x000002e8   Section        0  __dczerorl.o(.text)
    i.ButtonsInit                            0x00000324   Section        0  usb_dev_gamepad.o(i.ButtonsInit)
    i.ConfigurePins                          0x0000045c   Section        0  usb_dev_gamepad.o(i.ConfigurePins)
    i.DMAUSBIntHandler                       0x00000470   Section        0  usbdma.o(i.DMAUSBIntHandler)
    DMAUSBIntHandler                         0x00000471   Thumb Code    62  usbdma.o(i.DMAUSBIntHandler)
    i.DMAUSBIntStatusClear                   0x000004ae   Section        0  usbdma.o(i.DMAUSBIntStatusClear)
    DMAUSBIntStatusClear                     0x000004af   Thumb Code    14  usbdma.o(i.DMAUSBIntStatusClear)
    i.DMAUSBStatus                           0x000004bc   Section        0  usbdma.o(i.DMAUSBStatus)
    DMAUSBStatus                             0x000004bd   Thumb Code     4  usbdma.o(i.DMAUSBStatus)
    i.GamepadHandler                         0x000004c0   Section        0  usb_dev_gamepad.o(i.GamepadHandler)
    i.GetButtons                             0x00000518   Section        0  usb_dev_gamepad.o(i.GetButtons)
    i.HIDGamepadRxHandler                    0x000005dc   Section        0  usbdhidgamepad.o(i.HIDGamepadRxHandler)
    HIDGamepadRxHandler                      0x000005dd   Thumb Code   166  usbdhidgamepad.o(i.HIDGamepadRxHandler)
    i.HIDGamepadTxHandler                    0x00000682   Section        0  usbdhidgamepad.o(i.HIDGamepadTxHandler)
    HIDGamepadTxHandler                      0x00000683   Thumb Code    30  usbdhidgamepad.o(i.HIDGamepadTxHandler)
    i.HIDTickHandler                         0x000006a0   Section        0  usbdhid.o(i.HIDTickHandler)
    HIDTickHandler                           0x000006a1   Thumb Code    60  usbdhid.o(i.HIDTickHandler)
    i.HandleConfigChange                     0x000006e0   Section        0  usbdhid.o(i.HandleConfigChange)
    HandleConfigChange                       0x000006e1   Thumb Code    78  usbdhid.o(i.HandleConfigChange)
    i.HandleDevice                           0x0000072e   Section        0  usbdhid.o(i.HandleDevice)
    HandleDevice                             0x0000072f   Thumb Code   128  usbdhid.o(i.HandleDevice)
    i.HandleDisconnect                       0x000007ae   Section        0  usbdhid.o(i.HandleDisconnect)
    HandleDisconnect                         0x000007af   Thumb Code    30  usbdhid.o(i.HandleDisconnect)
    i.HandleEP0DataReceived                  0x000007cc   Section        0  usbdhid.o(i.HandleEP0DataReceived)
    HandleEP0DataReceived                    0x000007cd   Thumb Code    44  usbdhid.o(i.HandleEP0DataReceived)
    i.HandleEP0DataSent                      0x000007f8   Section        0  usbdhid.o(i.HandleEP0DataSent)
    HandleEP0DataSent                        0x000007f9   Thumb Code    32  usbdhid.o(i.HandleEP0DataSent)
    i.HandleEndpoints                        0x00000818   Section        0  usbdhid.o(i.HandleEndpoints)
    HandleEndpoints                          0x00000819   Thumb Code   284  usbdhid.o(i.HandleEndpoints)
    i.HandleGetDescriptor                    0x00000938   Section        0  usbdhid.o(i.HandleGetDescriptor)
    HandleGetDescriptor                      0x00000939   Thumb Code   184  usbdhid.o(i.HandleGetDescriptor)
    i.HandleRequest                          0x000009f0   Section        0  usbdhid.o(i.HandleRequest)
    HandleRequest                            0x000009f1   Thumb Code   412  usbdhid.o(i.HandleRequest)
    i.HandleReset                            0x00000b8c   Section        0  usbdhid.o(i.HandleReset)
    HandleReset                              0x00000b8d   Thumb Code    30  usbdhid.o(i.HandleReset)
    i.HandleResume                           0x00000baa   Section        0  usbdhid.o(i.HandleResume)
    HandleResume                             0x00000bab   Thumb Code    12  usbdhid.o(i.HandleResume)
    i.HandleSuspend                          0x00000bb6   Section        0  usbdhid.o(i.HandleSuspend)
    HandleSuspend                            0x00000bb7   Thumb Code    12  usbdhid.o(i.HandleSuspend)
    i.Init_PeripheralInit                    0x00000bc4   Section        0  usb_dev_gamepad.o(i.Init_PeripheralInit)
    i.Init_SystemInit                        0x00000c44   Section        0  usb_dev_gamepad.o(i.Init_SystemInit)
    i.IntDisable                             0x00000c60   Section        0  interrupt.o(i.IntDisable)
    i.IntEnable                              0x00000cc4   Section        0  interrupt.o(i.IntEnable)
    i.IntIsEnabled                           0x00000d28   Section        0  interrupt.o(i.IntIsEnabled)
    i.IntMasterDisable                       0x00000d88   Section        0  interrupt.o(i.IntMasterDisable)
    i.IntMasterEnable                        0x00000d96   Section        0  interrupt.o(i.IntMasterEnable)
    i.InternalUSBRegisterTickHandler         0x00000da4   Section        0  usbtick.o(i.InternalUSBRegisterTickHandler)
    i.InternalUSBStartOfFrameTick            0x00000dd8   Section        0  usbtick.o(i.InternalUSBStartOfFrameTick)
    i.InternalUSBTickInit                    0x00000e10   Section        0  usbtick.o(i.InternalUSBTickInit)
    i.ProcessIdleTimers                      0x00000e48   Section        0  usbdhid.o(i.ProcessIdleTimers)
    ProcessIdleTimers                        0x00000e49   Thumb Code   176  usbdhid.o(i.ProcessIdleTimers)
    i.SysCtlPeripheralEnable                 0x00000ef8   Section        0  sysctl.o(i.SysCtlPeripheralEnable)
    i.SysCtlPeripheralReady                  0x00000f20   Section        0  sysctl.o(i.SysCtlPeripheralReady)
    i.SysCtlPeripheralReset                  0x00000f4c   Section        0  sysctl.o(i.SysCtlPeripheralReset)
    i.SysCtlUSBPLLEnable                     0x00000f88   Section        0  sysctl.o(i.SysCtlUSBPLLEnable)
    i.ULPIConfigSet                          0x00000f98   Section        0  usbulpi.o(i.ULPIConfigSet)
    i.USB0DeviceIntHandler                   0x00000ff4   Section        0  usbdhandler.o(i.USB0DeviceIntHandler)
    i.USBClockEnable                         0x0000100c   Section        0  usb.o(i.USBClockEnable)
    i.USBControllerVersion                   0x00001016   Section        0  usb.o(i.USBControllerVersion)
    i.USBDCDConfigDescGet                    0x00001020   Section        0  usbdcdesc.o(i.USBDCDConfigDescGet)
    i.USBDCDConfigDescGetNum                 0x00001076   Section        0  usbdcdesc.o(i.USBDCDConfigDescGetNum)
    i.USBDCDConfigDescGetSize                0x000010ac   Section        0  usbdcdesc.o(i.USBDCDConfigDescGetSize)
    i.USBDCDConfigGetInterface               0x000010ce   Section        0  usbdcdesc.o(i.USBDCDConfigGetInterface)
    i.USBDCDConfigGetInterfaceEndpoint       0x00001188   Section        0  usbdcdesc.o(i.USBDCDConfigGetInterfaceEndpoint)
    i.USBDCDDeviceInfoInit                   0x000011e8   Section        0  usbdenum.o(i.USBDCDDeviceInfoInit)
    i.USBDCDInit                             0x0000122c   Section        0  usbdenum.o(i.USBDCDInit)
    i.USBDCDRequestDataEP0                   0x000013c0   Section        0  usbdenum.o(i.USBDCDRequestDataEP0)
    i.USBDCDSendDataEP0                      0x000013d4   Section        0  usbdenum.o(i.USBDCDSendDataEP0)
    i.USBDCDStallEP0                         0x000013e8   Section        0  usbdenum.o(i.USBDCDStallEP0)
    i.USBDClearFeature                       0x00001404   Section        0  usbdenum.o(i.USBDClearFeature)
    USBDClearFeature                         0x00001405   Thumb Code   156  usbdenum.o(i.USBDClearFeature)
    i.USBDEP0StateTx                         0x000014a8   Section        0  usbdenum.o(i.USBDEP0StateTx)
    USBDEP0StateTx                           0x000014a9   Thumb Code   104  usbdenum.o(i.USBDEP0StateTx)
    i.USBDEP0StateTxConfig                   0x0000151c   Section        0  usbdenum.o(i.USBDEP0StateTxConfig)
    USBDEP0StateTxConfig                     0x0000151d   Thumb Code   358  usbdenum.o(i.USBDEP0StateTxConfig)
    i.USBDGetConfiguration                   0x00001690   Section        0  usbdenum.o(i.USBDGetConfiguration)
    USBDGetConfiguration                     0x00001691   Thumb Code    46  usbdenum.o(i.USBDGetConfiguration)
    i.USBDGetDescriptor                      0x000016c4   Section        0  usbdenum.o(i.USBDGetDescriptor)
    USBDGetDescriptor                        0x000016c5   Thumb Code   354  usbdenum.o(i.USBDGetDescriptor)
    i.USBDGetInterface                       0x00001834   Section        0  usbdenum.o(i.USBDGetInterface)
    USBDGetInterface                         0x00001835   Thumb Code    82  usbdenum.o(i.USBDGetInterface)
    i.USBDGetStatus                          0x00001890   Section        0  usbdenum.o(i.USBDGetStatus)
    USBDGetStatus                            0x00001891   Thumb Code   126  usbdenum.o(i.USBDGetStatus)
    i.USBDHIDCompositeInit                   0x00001918   Section        0  usbdhid.o(i.USBDHIDCompositeInit)
    i.USBDHIDGamepadCompositeInit            0x00001a14   Section        0  usbdhidgamepad.o(i.USBDHIDGamepadCompositeInit)
    i.USBDHIDGamepadInit                     0x00001ab4   Section        0  usbdhidgamepad.o(i.USBDHIDGamepadInit)
    i.USBDHIDGamepadSendReport               0x00001aec   Section        0  usbdhidgamepad.o(i.USBDHIDGamepadSendReport)
    i.USBDHIDInit                            0x00001b32   Section        0  usbdhid.o(i.USBDHIDInit)
    i.USBDHIDReportWrite                     0x00001b58   Section        0  usbdhid.o(i.USBDHIDReportWrite)
    i.USBDHIDTxPacketAvailable               0x00001bf8   Section        0  usbdhid.o(i.USBDHIDTxPacketAvailable)
    i.USBDMAChannelAddressSet                0x00001c06   Section        0  usb.o(i.USBDMAChannelAddressSet)
    i.USBDMAChannelConfigSet                 0x00001c10   Section        0  usb.o(i.USBDMAChannelConfigSet)
    i.USBDMAChannelCountSet                  0x00001c26   Section        0  usb.o(i.USBDMAChannelCountSet)
    i.USBDMAChannelDisable                   0x00001c30   Section        0  usb.o(i.USBDMAChannelDisable)
    i.USBDMAChannelEnable                    0x00001c42   Section        0  usb.o(i.USBDMAChannelEnable)
    i.USBDMAChannelIntDisable                0x00001c54   Section        0  usb.o(i.USBDMAChannelIntDisable)
    i.USBDMAChannelIntEnable                 0x00001c66   Section        0  usb.o(i.USBDMAChannelIntEnable)
    i.USBDMAChannelIntStatus                 0x00001c78   Section        0  usb.o(i.USBDMAChannelIntStatus)
    i.USBDMAChannelStatus                    0x00001c7e   Section        0  usb.o(i.USBDMAChannelStatus)
    i.USBDReadAndDispatchRequest             0x00001c8c   Section        0  usbdenum.o(i.USBDReadAndDispatchRequest)
    USBDReadAndDispatchRequest               0x00001c8d   Thumb Code   104  usbdenum.o(i.USBDReadAndDispatchRequest)
    i.USBDSetAddress                         0x00001d08   Section        0  usbdenum.o(i.USBDSetAddress)
    USBDSetAddress                           0x00001d09   Thumb Code    30  usbdenum.o(i.USBDSetAddress)
    i.USBDSetConfiguration                   0x00001d2c   Section        0  usbdenum.o(i.USBDSetConfiguration)
    USBDSetConfiguration                     0x00001d2d   Thumb Code   152  usbdenum.o(i.USBDSetConfiguration)
    i.USBDSetDescriptor                      0x00001dd0   Section        0  usbdenum.o(i.USBDSetDescriptor)
    USBDSetDescriptor                        0x00001dd1   Thumb Code    32  usbdenum.o(i.USBDSetDescriptor)
    i.USBDSetFeature                         0x00001df8   Section        0  usbdenum.o(i.USBDSetFeature)
    USBDSetFeature                           0x00001df9   Thumb Code   124  usbdenum.o(i.USBDSetFeature)
    i.USBDSetInterface                       0x00001e7c   Section        0  usbdenum.o(i.USBDSetInterface)
    USBDSetInterface                         0x00001e7d   Thumb Code   176  usbdenum.o(i.USBDSetInterface)
    i.USBDSyncFrame                          0x00001f38   Section        0  usbdenum.o(i.USBDSyncFrame)
    USBDSyncFrame                            0x00001f39   Thumb Code    32  usbdenum.o(i.USBDSyncFrame)
    i.USBDescGet                             0x00001f60   Section        0  usbdesc.o(i.USBDescGet)
    i.USBDescGetNum                          0x00001f94   Section        0  usbdesc.o(i.USBDescGetNum)
    i.USBDevAddrSet                          0x00001fc2   Section        0  usb.o(i.USBDevAddrSet)
    i.USBDevConnect                          0x00001fc6   Section        0  usb.o(i.USBDevConnect)
    i.USBDevDisconnect                       0x00001fd0   Section        0  usb.o(i.USBDevDisconnect)
    i.USBDevEndpointConfigSet                0x00001fda   Section        0  usb.o(i.USBDevEndpointConfigSet)
    i.USBDevEndpointDataAck                  0x00002062   Section        0  usb.o(i.USBDevEndpointDataAck)
    i.USBDevEndpointStall                    0x00002086   Section        0  usb.o(i.USBDevEndpointStall)
    i.USBDevEndpointStallClear               0x000020ba   Section        0  usb.o(i.USBDevEndpointStallClear)
    i.USBDevEndpointStatusClear              0x00002104   Section        0  usb.o(i.USBDevEndpointStatusClear)
    i.USBDevLPMConfig                        0x00002162   Section        0  usb.o(i.USBDevLPMConfig)
    i.USBDevLPMDisable                       0x00002168   Section        0  usb.o(i.USBDevLPMDisable)
    i.USBDevLPMEnable                        0x00002176   Section        0  usb.o(i.USBDevLPMEnable)
    i.USBDevMode                             0x00002184   Section        0  usb.o(i.USBDevMode)
    i.USBDeviceConfig                        0x0000218c   Section        0  usbdconfig.o(i.USBDeviceConfig)
    i.USBDeviceConfigAlternate               0x0000232c   Section        0  usbdconfig.o(i.USBDeviceConfigAlternate)
    i.USBDeviceEnumHandler                   0x000023f0   Section        0  usbdenum.o(i.USBDeviceEnumHandler)
    i.USBDeviceIntHandlerInternal            0x000024dc   Section        0  usbdenum.o(i.USBDeviceIntHandlerInternal)
    i.USBDeviceResumeTickHandler             0x00002674   Section        0  usbdenum.o(i.USBDeviceResumeTickHandler)
    i.USBEndpointDMAChannel                  0x000026cc   Section        0  usb.o(i.USBEndpointDMAChannel)
    i.USBEndpointDMAConfigSet                0x000026ea   Section        0  usb.o(i.USBEndpointDMAConfigSet)
    i.USBEndpointDMADisable                  0x00002740   Section        0  usb.o(i.USBEndpointDMADisable)
    i.USBEndpointDMAEnable                   0x00002764   Section        0  usb.o(i.USBEndpointDMAEnable)
    i.USBEndpointDataAvail                   0x00002788   Section        0  usb.o(i.USBEndpointDataAvail)
    i.USBEndpointDataGet                     0x000027a6   Section        0  usb.o(i.USBEndpointDataGet)
    i.USBEndpointDataPut                     0x000027fa   Section        0  usb.o(i.USBEndpointDataPut)
    i.USBEndpointDataSend                    0x00002834   Section        0  usb.o(i.USBEndpointDataSend)
    i.USBEndpointPacketCountSet              0x00002864   Section        0  usb.o(i.USBEndpointPacketCountSet)
    i.USBEndpointStatus                      0x00002870   Section        0  usb.o(i.USBEndpointStatus)
    i.USBFIFOAddrGet                         0x00002880   Section        0  usb.o(i.USBFIFOAddrGet)
    i.USBFIFOConfigSet                       0x00002888   Section        0  usb.o(i.USBFIFOConfigSet)
    i.USBHIDInit                             0x000028c8   Section        0  usb_dev_gamepad.o(i.USBHIDInit)
    i.USBHostResume                          0x0000290c   Section        0  usb.o(i.USBHostResume)
    i.USBIntEnableControl                    0x00002920   Section        0  usb.o(i.USBIntEnableControl)
    i.USBIntEnableEndpoint                   0x0000294c   Section        0  usb.o(i.USBIntEnableEndpoint)
    i.USBIntStatusControl                    0x00002964   Section        0  usb.o(i.USBIntStatusControl)
    i.USBIntStatusEndpoint                   0x000029a4   Section        0  usb.o(i.USBIntStatusEndpoint)
    i.USBLPMIntEnable                        0x000029ae   Section        0  usb.o(i.USBLPMIntEnable)
    i.USBLPMIntStatus                        0x000029ba   Section        0  usb.o(i.USBLPMIntStatus)
    i.USBLibDMAInit                          0x000029c0   Section        0  usbdma.o(i.USBLibDMAInit)
    i.USBOTGMode                             0x00002b1c   Section        0  usb.o(i.USBOTGMode)
    i.USBStackModeSet                        0x00002b24   Section        0  usbmode.o(i.USBStackModeSet)
    i.USBULPIDisable                         0x00002b40   Section        0  usb.o(i.USBULPIDisable)
    i.USBULPIEnable                          0x00002b50   Section        0  usb.o(i.USBULPIEnable)
    i.USBULPIRegRead                         0x00002b60   Section        0  usb.o(i.USBULPIRegRead)
    i.USBULPIRegWrite                        0x00002b80   Section        0  usb.o(i.USBULPIRegWrite)
    i.__scatterload_copy                     0x00002ba0   Section       14  handlers.o(i.__scatterload_copy)
    i.__scatterload_null                     0x00002bae   Section        2  handlers.o(i.__scatterload_null)
    i.__scatterload_zeroinit                 0x00002bb0   Section       14  handlers.o(i.__scatterload_zeroinit)
    i.iDMAUSBArbSizeSet                      0x00002bbe   Section        0  usbdma.o(i.iDMAUSBArbSizeSet)
    iDMAUSBArbSizeSet                        0x00002bbf   Thumb Code     2  usbdma.o(i.iDMAUSBArbSizeSet)
    i.iDMAUSBChannelAllocate                 0x00002bc0   Section        0  usbdma.o(i.iDMAUSBChannelAllocate)
    iDMAUSBChannelAllocate                   0x00002bc1   Thumb Code   132  usbdma.o(i.iDMAUSBChannelAllocate)
    i.iDMAUSBChannelDisable                  0x00002c44   Section        0  usbdma.o(i.iDMAUSBChannelDisable)
    iDMAUSBChannelDisable                    0x00002c45   Thumb Code    52  usbdma.o(i.iDMAUSBChannelDisable)
    i.iDMAUSBChannelEnable                   0x00002c78   Section        0  usbdma.o(i.iDMAUSBChannelEnable)
    iDMAUSBChannelEnable                     0x00002c79   Thumb Code    82  usbdma.o(i.iDMAUSBChannelEnable)
    i.iDMAUSBChannelIntDisable               0x00002cca   Section        0  usbdma.o(i.iDMAUSBChannelIntDisable)
    iDMAUSBChannelIntDisable                 0x00002ccb   Thumb Code     8  usbdma.o(i.iDMAUSBChannelIntDisable)
    i.iDMAUSBChannelIntEnable                0x00002cd2   Section        0  usbdma.o(i.iDMAUSBChannelIntEnable)
    iDMAUSBChannelIntEnable                  0x00002cd3   Thumb Code     8  usbdma.o(i.iDMAUSBChannelIntEnable)
    i.iDMAUSBChannelRelease                  0x00002cda   Section        0  usbdma.o(i.iDMAUSBChannelRelease)
    iDMAUSBChannelRelease                    0x00002cdb   Thumb Code    62  usbdma.o(i.iDMAUSBChannelRelease)
    i.iDMAUSBChannelStatus                   0x00002d18   Section        0  usbdma.o(i.iDMAUSBChannelStatus)
    iDMAUSBChannelStatus                     0x00002d19   Thumb Code    56  usbdma.o(i.iDMAUSBChannelStatus)
    i.iDMAUSBIntStatus                       0x00002d50   Section        0  usbdma.o(i.iDMAUSBIntStatus)
    iDMAUSBIntStatus                         0x00002d51   Thumb Code     6  usbdma.o(i.iDMAUSBIntStatus)
    i.iDMAUSBTransfer                        0x00002d56   Section        0  usbdma.o(i.iDMAUSBTransfer)
    iDMAUSBTransfer                          0x00002d57   Thumb Code   240  usbdma.o(i.iDMAUSBTransfer)
    i.iDMAUSBUnitSizeSet                     0x00002e46   Section        0  usbdma.o(i.iDMAUSBUnitSizeSet)
    iDMAUSBUnitSizeSet                       0x00002e47   Thumb Code     2  usbdma.o(i.iDMAUSBUnitSizeSet)
    i.main                                   0x00002e48   Section        0  usb_dev_gamepad.o(i.main)
    i.uDMAChannelAttributeDisable            0x00002ef0   Section        0  udma.o(i.uDMAChannelAttributeDisable)
    i.uDMAChannelControlSet                  0x00002f38   Section        0  udma.o(i.uDMAChannelControlSet)
    i.uDMAChannelDisable                     0x00002f58   Section        0  udma.o(i.uDMAChannelDisable)
    i.uDMAChannelEnable                      0x00002f6c   Section        0  udma.o(i.uDMAChannelEnable)
    i.uDMAChannelModeGet                     0x00002f80   Section        0  udma.o(i.uDMAChannelModeGet)
    i.uDMAChannelTransferSet                 0x00002fa8   Section        0  udma.o(i.uDMAChannelTransferSet)
    i.uDMAUSBArbSizeSet                      0x00003028   Section        0  usbdma.o(i.uDMAUSBArbSizeSet)
    uDMAUSBArbSizeSet                        0x00003029   Thumb Code   104  usbdma.o(i.uDMAUSBArbSizeSet)
    i.uDMAUSBChannelAllocate                 0x00003090   Section        0  usbdma.o(i.uDMAUSBChannelAllocate)
    uDMAUSBChannelAllocate                   0x00003091   Thumb Code   184  usbdma.o(i.uDMAUSBChannelAllocate)
    i.uDMAUSBChannelDisable                  0x00003150   Section        0  usbdma.o(i.uDMAUSBChannelDisable)
    uDMAUSBChannelDisable                    0x00003151   Thumb Code    88  usbdma.o(i.uDMAUSBChannelDisable)
    i.uDMAUSBChannelEnable                   0x000031a8   Section        0  usbdma.o(i.uDMAUSBChannelEnable)
    uDMAUSBChannelEnable                     0x000031a9   Thumb Code   106  usbdma.o(i.uDMAUSBChannelEnable)
    i.uDMAUSBChannelIntDisable               0x00003212   Section        0  usbdma.o(i.uDMAUSBChannelIntDisable)
    uDMAUSBChannelIntDisable                 0x00003213   Thumb Code     2  usbdma.o(i.uDMAUSBChannelIntDisable)
    i.uDMAUSBChannelIntEnable                0x00003214   Section        0  usbdma.o(i.uDMAUSBChannelIntEnable)
    uDMAUSBChannelIntEnable                  0x00003215   Thumb Code     2  usbdma.o(i.uDMAUSBChannelIntEnable)
    i.uDMAUSBChannelRelease                  0x00003216   Section        0  usbdma.o(i.uDMAUSBChannelRelease)
    uDMAUSBChannelRelease                    0x00003217   Thumb Code    90  usbdma.o(i.uDMAUSBChannelRelease)
    i.uDMAUSBChannelStatus                   0x00003270   Section        0  usbdma.o(i.uDMAUSBChannelStatus)
    uDMAUSBChannelStatus                     0x00003271   Thumb Code    38  usbdma.o(i.uDMAUSBChannelStatus)
    i.uDMAUSBIntStatus                       0x00003296   Section        0  usbdma.o(i.uDMAUSBIntStatus)
    uDMAUSBIntStatus                         0x00003297   Thumb Code    54  usbdma.o(i.uDMAUSBIntStatus)
    i.uDMAUSBTransfer                        0x000032cc   Section        0  usbdma.o(i.uDMAUSBTransfer)
    uDMAUSBTransfer                          0x000032cd   Thumb Code   200  usbdma.o(i.uDMAUSBTransfer)
    i.uDMAUSBUnitSizeSet                     0x00003394   Section        0  usbdma.o(i.uDMAUSBUnitSizeSet)
    uDMAUSBUnitSizeSet                       0x00003395   Thumb Code    84  usbdma.o(i.uDMAUSBUnitSizeSet)
    .constdata                               0x000033e8   Section        4  usb_gamepad_structs.o(.constdata)
    .constdata                               0x000033ec   Section       36  usb_gamepad_structs.o(.constdata)
    .constdata                               0x00003410   Section       40  usb_gamepad_structs.o(.constdata)
    .constdata                               0x00003438   Section       18  usb_gamepad_structs.o(.constdata)
    .constdata                               0x0000344a   Section       44  usb_gamepad_structs.o(.constdata)
    .constdata                               0x00003476   Section       52  usb_gamepad_structs.o(.constdata)
    .constdata                               0x000034ac   Section       24  usb_gamepad_structs.o(.constdata)
    .constdata                               0x000034c4   Section      268  interrupt.o(.constdata)
    g_pui32Priority                          0x000034c4   Data          32  interrupt.o(.constdata)
    g_pui32Regs                              0x000034e4   Data         156  interrupt.o(.constdata)
    g_pui32EnRegs                            0x00003580   Data          20  interrupt.o(.constdata)
    g_pui32Dii16Regs                         0x00003594   Data          20  interrupt.o(.constdata)
    g_pui32PendRegs                          0x000035a8   Data          20  interrupt.o(.constdata)
    g_pui32UnpendRegs                        0x000035bc   Data          20  interrupt.o(.constdata)
    .constdata                               0x000035d0   Section        7  usbdhidgamepad.o(.constdata)
    g_pui8HIDInEndpoint                      0x000035d0   Data           7  usbdhidgamepad.o(.constdata)
    .constdata                               0x000035d7   Section       48  usbdhidgamepad.o(.constdata)
    g_pui8GameReportDescriptor               0x000035d7   Data          48  usbdhidgamepad.o(.constdata)
    .constdata                               0x00003608   Section        8  usbdhidgamepad.o(.constdata)
    g_sHIDConfigSection                      0x00003608   Data           8  usbdhidgamepad.o(.constdata)
    .constdata                               0x00003610   Section        8  usbdhidgamepad.o(.constdata)
    g_sHIDInterfaceSection                   0x00003610   Data           8  usbdhidgamepad.o(.constdata)
    .constdata                               0x00003618   Section        8  usbdhidgamepad.o(.constdata)
    g_sHIDInEndpointSection                  0x00003618   Data           8  usbdhidgamepad.o(.constdata)
    .constdata                               0x00003620   Section        4  usbdhidgamepad.o(.constdata)
    g_ppsHIDConfigDescriptors                0x00003620   Data           4  usbdhidgamepad.o(.constdata)
    .constdata                               0x00003624   Section       52  usbdenum.o(.constdata)
    g_psUSBDStdRequests                      0x00003624   Data          52  usbdenum.o(.constdata)
    .constdata                               0x00003658   Section       48  usbdhid.o(.constdata)
    .data                                    0x20000000   Section       19  usb_dev_gamepad.o(.data)
    g_ui32Updates                            0x20000008   Data           4  usb_dev_gamepad.o(.data)
    sReport                                  0x2000000c   Data           7  usb_dev_gamepad.o(.data)
    .data                                    0x20000014   Section      152  usb_gamepad_structs.o(.data)
    .data                                    0x200000ac   Section       22  usbdhidgamepad.o(.data)
    g_ppui8GameClassDescriptors              0x200000ac   Data           4  usbdhidgamepad.o(.data)
    g_pui8GameDescriptor                     0x200000b0   Data           9  usbdhidgamepad.o(.data)
    g_sGameHIDDescriptor                     0x200000b9   Data           9  usbdhidgamepad.o(.data)
    .data                                    0x200000c2   Section        9  usbdhidgamepad.o(.data)
    g_pui8HIDInterface                       0x200000c2   Data           9  usbdhidgamepad.o(.data)
    .data                                    0x200000cc   Section        8  usbdhidgamepad.o(.data)
    g_sHIDDescriptorSection                  0x200000cc   Data           8  usbdhidgamepad.o(.data)
    .data                                    0x200000d4   Section       16  usbdhidgamepad.o(.data)
    g_psHIDSections                          0x200000d4   Data          16  usbdhidgamepad.o(.data)
    .data                                    0x200000e4   Section        8  usbdhidgamepad.o(.data)
    g_sHIDConfigHeader                       0x200000e4   Data           8  usbdhidgamepad.o(.data)
    .data                                    0x200000ec   Section       16  usbmode.o(.data)
    g_iDualMode                              0x200000ed   Data           1  usbmode.o(.data)
    g_pfnUSBModeCallback                     0x200000f8   Data           4  usbmode.o(.data)
    .data                                    0x200000fc   Section       16  usbdenum.o(.data)
    g_ui32PLLDiv                             0x200000fc   Data           4  usbdenum.o(.data)
    ui32SOFDivide                            0x20000100   Data           4  usbdenum.o(.data)
    g_ui32ULPISupport                        0x20000104   Data           4  usbdenum.o(.data)
    .data                                    0x2000010c   Section       18  usbdhid.o(.data)
    .data                                    0x20000120   Section        8  usbtick.o(.data)
    .data                                    0x20000128   Section        4  usbtick.o(.data)
    .bss                                     0x2000012c   Section      144  usbdenum.o(.bss)
    g_pui8DataBufferIn                       0x2000012c   Data          64  usbdenum.o(.bss)
    .bss                                     0x200001bc   Section       48  usbtick.o(.bss)
    .bss                                     0x200001ec   Section      272  usbdma.o(.bss)
    g_psUSBDMAInst                           0x200001ec   Data         272  usbdma.o(.bss)
    STACK                                    0x20000300   Section     1024  startup_rvmdk.o(STACK)
    StackMem                                 0x20000300   Data           0  startup_rvmdk.o(STACK)

    Global Symbols

    Symbol Name                              Value     Ov Type        Size  Object(Section)

    BuildAttributes$$THM_ISAv4$E$P$D$K$B$S$7EM$VFPi3$EXTD16$VFPS$VFMA$PE$A:L22UL41UL21$X:L11$S22US41US21$IEEE1$IW$USESV6$~STKCKD$USESV7$~SHL$OTIME$EBA8$MICROLIB$REQ8$PRES8$EABIv2 0x00000000   Number         0  anon$$obj.o ABSOLUTE
    __ARM_use_no_argv                        0x00000000   Number         0  usb_dev_gamepad.o ABSOLUTE
    __Vectors                                0x00000000   Data           0  startup_rvmdk.o(RESET)
    __cpp_initialize__aeabi_                  - Undefined Weak Reference
    __cxa_finalize                            - Undefined Weak Reference
    _clock_init                               - Undefined Weak Reference
    _microlib_exit                            - Undefined Weak Reference
    Reset_Handler                            0x0000026d   Thumb Code     0  startup_rvmdk.o(RESET)
    __main                                   0x00000289   Thumb Code     0  entry.o(.ARM.Collect$$$$00000000)
    _main_stk                                0x00000289   Thumb Code     0  entry2.o(.ARM.Collect$$$$00000001)
    _main_scatterload                        0x0000028d   Thumb Code     0  entry5.o(.ARM.Collect$$$$00000004)
    __main_after_scatterload                 0x00000291   Thumb Code     0  entry5.o(.ARM.Collect$$$$00000004)
    _main_clock                              0x00000291   Thumb Code     0  entry7b.o(.ARM.Collect$$$$00000008)
    _main_cpp_init                           0x00000291   Thumb Code     0  entry8b.o(.ARM.Collect$$$$0000000A)
    _main_init                               0x00000291   Thumb Code     0  entry9a.o(.ARM.Collect$$$$0000000B)
    __rt_final_cpp                           0x00000299   Thumb Code     0  entry10a.o(.ARM.Collect$$$$0000000D)
    __rt_final_exit                          0x00000299   Thumb Code     0  entry11a.o(.ARM.Collect$$$$0000000F)
    CPUcpsid                                 0x0000029d   Thumb Code     8  cpu.o(.emb_text)
    CPUprimask                               0x000002a5   Thumb Code     6  cpu.o(.emb_text)
    CPUcpsie                                 0x000002ab   Thumb Code     8  cpu.o(.emb_text)
    CPUwfi                                   0x000002b3   Thumb Code     4  cpu.o(.emb_text)
    CPUbasepriSet                            0x000002b7   Thumb Code     6  cpu.o(.emb_text)
    CPUbasepriGet                            0x000002bd   Thumb Code     6  cpu.o(.emb_text)
    __scatterload                            0x000002c5   Thumb Code    28  init.o(.text)
    __scatterload_rt2                        0x000002c5   Thumb Code     0  init.o(.text)
    __decompress                             0x000002e9   Thumb Code     0  __dczerorl.o(.text)
    __decompress0                            0x000002e9   Thumb Code    58  __dczerorl.o(.text)
    ButtonsInit                              0x00000325   Thumb Code   282  usb_dev_gamepad.o(i.ButtonsInit)
    ConfigurePins                            0x0000045d   Thumb Code    14  usb_dev_gamepad.o(i.ConfigurePins)
    GamepadHandler                           0x000004c1   Thumb Code    80  usb_dev_gamepad.o(i.GamepadHandler)
    GetButtons                               0x00000519   Thumb Code   172  usb_dev_gamepad.o(i.GetButtons)
    Init_PeripheralInit                      0x00000bc5   Thumb Code   110  usb_dev_gamepad.o(i.Init_PeripheralInit)
    Init_SystemInit                          0x00000c45   Thumb Code    24  usb_dev_gamepad.o(i.Init_SystemInit)
    IntDisable                               0x00000c61   Thumb Code    92  interrupt.o(i.IntDisable)
    IntEnable                                0x00000cc5   Thumb Code    92  interrupt.o(i.IntEnable)
    IntIsEnabled                             0x00000d29   Thumb Code    88  interrupt.o(i.IntIsEnabled)
    IntMasterDisable                         0x00000d89   Thumb Code    14  interrupt.o(i.IntMasterDisable)
    IntMasterEnable                          0x00000d97   Thumb Code    14  interrupt.o(i.IntMasterEnable)
    InternalUSBRegisterTickHandler           0x00000da5   Thumb Code    44  usbtick.o(i.InternalUSBRegisterTickHandler)
    InternalUSBStartOfFrameTick              0x00000dd9   Thumb Code    46  usbtick.o(i.InternalUSBStartOfFrameTick)
    InternalUSBTickInit                      0x00000e11   Thumb Code    46  usbtick.o(i.InternalUSBTickInit)
    SysCtlPeripheralEnable                   0x00000ef9   Thumb Code    36  sysctl.o(i.SysCtlPeripheralEnable)
    SysCtlPeripheralReady                    0x00000f21   Thumb Code    40  sysctl.o(i.SysCtlPeripheralReady)
    SysCtlPeripheralReset                    0x00000f4d   Thumb Code    56  sysctl.o(i.SysCtlPeripheralReset)
    SysCtlUSBPLLEnable                       0x00000f89   Thumb Code    12  sysctl.o(i.SysCtlUSBPLLEnable)
    ULPIConfigSet                            0x00000f99   Thumb Code    90  usbulpi.o(i.ULPIConfigSet)
    USB0DeviceIntHandler                     0x00000ff5   Thumb Code    20  usbdhandler.o(i.USB0DeviceIntHandler)
    USBClockEnable                           0x0000100d   Thumb Code    10  usb.o(i.USBClockEnable)
    USBControllerVersion                     0x00001017   Thumb Code    10  usb.o(i.USBControllerVersion)
    USBDCDConfigDescGet                      0x00001021   Thumb Code    86  usbdcdesc.o(i.USBDCDConfigDescGet)
    USBDCDConfigDescGetNum                   0x00001077   Thumb Code    54  usbdcdesc.o(i.USBDCDConfigDescGetNum)
    USBDCDConfigDescGetSize                  0x000010ad   Thumb Code    34  usbdcdesc.o(i.USBDCDConfigDescGetSize)
    USBDCDConfigGetInterface                 0x000010cf   Thumb Code   186  usbdcdesc.o(i.USBDCDConfigGetInterface)
    USBDCDConfigGetInterfaceEndpoint         0x00001189   Thumb Code    94  usbdcdesc.o(i.USBDCDConfigGetInterfaceEndpoint)
    USBDCDDeviceInfoInit                     0x000011e9   Thumb Code    54  usbdenum.o(i.USBDCDDeviceInfoInit)
    USBDCDInit                               0x0000122d   Thumb Code   370  usbdenum.o(i.USBDCDInit)
    USBDCDRequestDataEP0                     0x000013c1   Thumb Code    14  usbdenum.o(i.USBDCDRequestDataEP0)
    USBDCDSendDataEP0                        0x000013d5   Thumb Code    14  usbdenum.o(i.USBDCDSendDataEP0)
    USBDCDStallEP0                           0x000013e9   Thumb Code    20  usbdenum.o(i.USBDCDStallEP0)
    USBDHIDCompositeInit                     0x00001919   Thumb Code   236  usbdhid.o(i.USBDHIDCompositeInit)
    USBDHIDGamepadCompositeInit              0x00001a15   Thumb Code   142  usbdhidgamepad.o(i.USBDHIDGamepadCompositeInit)
    USBDHIDGamepadInit                       0x00001ab5   Thumb Code    50  usbdhidgamepad.o(i.USBDHIDGamepadInit)
    USBDHIDGamepadSendReport                 0x00001aed   Thumb Code    70  usbdhidgamepad.o(i.USBDHIDGamepadSendReport)
    USBDHIDInit                              0x00001b33   Thumb Code    38  usbdhid.o(i.USBDHIDInit)
    USBDHIDReportWrite                       0x00001b59   Thumb Code   160  usbdhid.o(i.USBDHIDReportWrite)
    USBDHIDTxPacketAvailable                 0x00001bf9   Thumb Code    14  usbdhid.o(i.USBDHIDTxPacketAvailable)
    USBDMAChannelAddressSet                  0x00001c07   Thumb Code    10  usb.o(i.USBDMAChannelAddressSet)
    USBDMAChannelConfigSet                   0x00001c11   Thumb Code    22  usb.o(i.USBDMAChannelConfigSet)
    USBDMAChannelCountSet                    0x00001c27   Thumb Code    10  usb.o(i.USBDMAChannelCountSet)
    USBDMAChannelDisable                     0x00001c31   Thumb Code    18  usb.o(i.USBDMAChannelDisable)
    USBDMAChannelEnable                      0x00001c43   Thumb Code    18  usb.o(i.USBDMAChannelEnable)
    USBDMAChannelIntDisable                  0x00001c55   Thumb Code    18  usb.o(i.USBDMAChannelIntDisable)
    USBDMAChannelIntEnable                   0x00001c67   Thumb Code    18  usb.o(i.USBDMAChannelIntEnable)
    USBDMAChannelIntStatus                   0x00001c79   Thumb Code     6  usb.o(i.USBDMAChannelIntStatus)
    USBDMAChannelStatus                      0x00001c7f   Thumb Code    14  usb.o(i.USBDMAChannelStatus)
    USBDescGet                               0x00001f61   Thumb Code    52  usbdesc.o(i.USBDescGet)
    USBDescGetNum                            0x00001f95   Thumb Code    46  usbdesc.o(i.USBDescGetNum)
    USBDevAddrSet                            0x00001fc3   Thumb Code     4  usb.o(i.USBDevAddrSet)
    USBDevConnect                            0x00001fc7   Thumb Code    10  usb.o(i.USBDevConnect)
    USBDevDisconnect                         0x00001fd1   Thumb Code    10  usb.o(i.USBDevDisconnect)
    USBDevEndpointConfigSet                  0x00001fdb   Thumb Code   136  usb.o(i.USBDevEndpointConfigSet)
    USBDevEndpointDataAck                    0x00002063   Thumb Code    36  usb.o(i.USBDevEndpointDataAck)
    USBDevEndpointStall                      0x00002087   Thumb Code    52  usb.o(i.USBDevEndpointStall)
    USBDevEndpointStallClear                 0x000020bb   Thumb Code    74  usb.o(i.USBDevEndpointStallClear)
    USBDevEndpointStatusClear                0x00002105   Thumb Code    94  usb.o(i.USBDevEndpointStatusClear)
    USBDevLPMConfig                          0x00002163   Thumb Code     6  usb.o(i.USBDevLPMConfig)
    USBDevLPMDisable                         0x00002169   Thumb Code    14  usb.o(i.USBDevLPMDisable)
    USBDevLPMEnable                          0x00002177   Thumb Code    14  usb.o(i.USBDevLPMEnable)
    USBDevMode                               0x00002185   Thumb Code     8  usb.o(i.USBDevMode)
    USBDeviceConfig                          0x0000218d   Thumb Code   410  usbdconfig.o(i.USBDeviceConfig)
    USBDeviceConfigAlternate                 0x0000232d   Thumb Code   190  usbdconfig.o(i.USBDeviceConfigAlternate)
    USBDeviceEnumHandler                     0x000023f1   Thumb Code   224  usbdenum.o(i.USBDeviceEnumHandler)
    USBDeviceIntHandlerInternal              0x000024dd   Thumb Code   388  usbdenum.o(i.USBDeviceIntHandlerInternal)
    USBDeviceResumeTickHandler               0x00002675   Thumb Code    76  usbdenum.o(i.USBDeviceResumeTickHandler)
    USBEndpointDMAChannel                    0x000026cd   Thumb Code    30  usb.o(i.USBEndpointDMAChannel)
    USBEndpointDMAConfigSet                  0x000026eb   Thumb Code    86  usb.o(i.USBEndpointDMAConfigSet)
    USBEndpointDMADisable                    0x00002741   Thumb Code    36  usb.o(i.USBEndpointDMADisable)
    USBEndpointDMAEnable                     0x00002765   Thumb Code    36  usb.o(i.USBEndpointDMAEnable)
    USBEndpointDataAvail                     0x00002789   Thumb Code    30  usb.o(i.USBEndpointDataAvail)
    USBEndpointDataGet                       0x000027a7   Thumb Code    84  usb.o(i.USBEndpointDataGet)
    USBEndpointDataPut                       0x000027fb   Thumb Code    58  usb.o(i.USBEndpointDataPut)
    USBEndpointDataSend                      0x00002835   Thumb Code    48  usb.o(i.USBEndpointDataSend)
    USBEndpointPacketCountSet                0x00002865   Thumb Code    12  usb.o(i.USBEndpointPacketCountSet)
    USBEndpointStatus                        0x00002871   Thumb Code    16  usb.o(i.USBEndpointStatus)
    USBFIFOAddrGet                           0x00002881   Thumb Code     8  usb.o(i.USBFIFOAddrGet)
    USBFIFOConfigSet                         0x00002889   Thumb Code    64  usb.o(i.USBFIFOConfigSet)
    USBHIDInit                               0x000028c9   Thumb Code    56  usb_dev_gamepad.o(i.USBHIDInit)
    USBHostResume                            0x0000290d   Thumb Code    18  usb.o(i.USBHostResume)
    USBIntEnableControl                      0x00002921   Thumb Code    38  usb.o(i.USBIntEnableControl)
    USBIntEnableEndpoint                     0x0000294d   Thumb Code    22  usb.o(i.USBIntEnableEndpoint)
    USBIntStatusControl                      0x00002965   Thumb Code    58  usb.o(i.USBIntStatusControl)
    USBIntStatusEndpoint                     0x000029a5   Thumb Code    10  usb.o(i.USBIntStatusEndpoint)
    USBLPMIntEnable                          0x000029af   Thumb Code    12  usb.o(i.USBLPMIntEnable)
    USBLPMIntStatus                          0x000029bb   Thumb Code     6  usb.o(i.USBLPMIntStatus)
    USBLibDMAInit                            0x000029c1   Thumb Code   232  usbdma.o(i.USBLibDMAInit)
    USBOTGMode                               0x00002b1d   Thumb Code     8  usb.o(i.USBOTGMode)
    USBStackModeSet                          0x00002b25   Thumb Code    24  usbmode.o(i.USBStackModeSet)
    USBULPIDisable                           0x00002b41   Thumb Code    16  usb.o(i.USBULPIDisable)
    USBULPIEnable                            0x00002b51   Thumb Code    16  usb.o(i.USBULPIEnable)
    USBULPIRegRead                           0x00002b61   Thumb Code    32  usb.o(i.USBULPIRegRead)
    USBULPIRegWrite                          0x00002b81   Thumb Code    32  usb.o(i.USBULPIRegWrite)
    __scatterload_copy                       0x00002ba1   Thumb Code    14  handlers.o(i.__scatterload_copy)
    __scatterload_null                       0x00002baf   Thumb Code     2  handlers.o(i.__scatterload_null)
    __scatterload_zeroinit                   0x00002bb1   Thumb Code    14  handlers.o(i.__scatterload_zeroinit)
    main                                     0x00002e49   Thumb Code   150  usb_dev_gamepad.o(i.main)
    uDMAChannelAttributeDisable              0x00002ef1   Thumb Code    66  udma.o(i.uDMAChannelAttributeDisable)
    uDMAChannelControlSet                    0x00002f39   Thumb Code    24  udma.o(i.uDMAChannelControlSet)
    uDMAChannelDisable                       0x00002f59   Thumb Code    16  udma.o(i.uDMAChannelDisable)
    uDMAChannelEnable                        0x00002f6d   Thumb Code    16  udma.o(i.uDMAChannelEnable)
    uDMAChannelModeGet                       0x00002f81   Thumb Code    34  udma.o(i.uDMAChannelModeGet)
    uDMAChannelTransferSet                   0x00002fa9   Thumb Code   124  udma.o(i.uDMAChannelTransferSet)
    g_pui8LangDescriptor                     0x000033e8   Data           4  usb_gamepad_structs.o(.constdata)
    g_pui8ManufacturerString                 0x000033ec   Data          36  usb_gamepad_structs.o(.constdata)
    g_pui8ProductString                      0x00003410   Data          40  usb_gamepad_structs.o(.constdata)
    g_pui8SerialNumberString                 0x00003438   Data          18  usb_gamepad_structs.o(.constdata)
    g_pui8HIDInterfaceString                 0x0000344a   Data          44  usb_gamepad_structs.o(.constdata)
    g_pui8ConfigString                       0x00003476   Data          52  usb_gamepad_structs.o(.constdata)
    g_ppui8StringDescriptors                 0x000034ac   Data          24  usb_gamepad_structs.o(.constdata)
    g_sHIDHandlers                           0x00003658   Data          48  usbdhid.o(.constdata)
    Region$$Table$$Base                      0x00003688   Number         0  anon$$obj.o(Region$$Table)
    Region$$Table$$Limit                     0x000036a8   Number         0  anon$$obj.o(Region$$Table)
    g_iGamepadState                          0x20000000   Data           1  usb_dev_gamepad.o(.data)
    ButtonStates                             0x20000004   Data           4  usb_dev_gamepad.o(.data)
    g_sGamepadDevice                         0x20000014   Data         152  usb_gamepad_structs.o(.data)
    g_iUSBMode                               0x200000ec   Data           1  usbmode.o(.data)
    g_eOTGModeState                          0x200000ee   Data           1  usbmode.o(.data)
    g_ui32WaitTicks                          0x200000f0   Data           4  usbmode.o(.data)
    g_ui32PollRate                           0x200000f4   Data           4  usbmode.o(.data)
    g_ppsDevInfo                             0x20000108   Data           4  usbdenum.o(.data)
    g_pui8HIDDeviceDescriptor                0x2000010c   Data          18  usbdhid.o(.data)
    g_bUSBTimerInitialized                   0x20000120   Data           1  usbtick.o(.data)
    g_ui32CurrentUSBTick                     0x20000124   Data           4  usbtick.o(.data)
    g_ui32USBSOFCount                        0x20000128   Data           4  usbtick.o(.data)
    g_psDCDInst                              0x2000016c   Data          80  usbdenum.o(.bss)
    g_pfnTickHandlers                        0x200001bc   Data          24  usbtick.o(.bss)
    g_pvTickInstance                         0x200001d4   Data          24  usbtick.o(.bss)
    __initial_sp                             0x20000700   Data           0  startup_rvmdk.o(STACK)



==============================================================================

Memory Map of the image

  Image Entry point : 0x0000026d

  Load Region LR_IROM (Base: 0x00000000, Size: 0x000037d4, Max: 0x00040000, ABSOLUTE, COMPRESSED[0x00003704])

    Execution Region ER_IROM (Base: 0x00000000, Size: 0x000036a8, Max: 0x00040000, ABSOLUTE)

    Base Addr    Size         Type   Attr      Idx    E Section Name        Object

    0x00000000   0x00000288   Code   RO            3  * RESET               startup_rvmdk.o
    0x00000288   0x00000000   Code   RO         2982  * .ARM.Collect$$$$00000000  mc_w.l(entry.o)
    0x00000288   0x00000004   Code   RO         2985    .ARM.Collect$$$$00000001  mc_w.l(entry2.o)
    0x0000028c   0x00000004   Code   RO         2988    .ARM.Collect$$$$00000004  mc_w.l(entry5.o)
    0x00000290   0x00000000   Code   RO         2990    .ARM.Collect$$$$00000008  mc_w.l(entry7b.o)
    0x00000290   0x00000000   Code   RO         2992    .ARM.Collect$$$$0000000A  mc_w.l(entry8b.o)
    0x00000290   0x00000008   Code   RO         2993    .ARM.Collect$$$$0000000B  mc_w.l(entry9a.o)
    0x00000298   0x00000000   Code   RO         2995    .ARM.Collect$$$$0000000D  mc_w.l(entry10a.o)
    0x00000298   0x00000000   Code   RO         2997    .ARM.Collect$$$$0000000F  mc_w.l(entry11a.o)
    0x00000298   0x00000004   Code   RO         2986    .ARM.Collect$$$$00002712  mc_w.l(entry2.o)
    0x0000029c   0x00000026   Code   RO         1167    .emb_text           driverlib.lib(cpu.o)
    0x000002c2   0x00000002   PAD
    0x000002c4   0x00000024   Code   RO         2999    .text               mc_w.l(init.o)
    0x000002e8   0x0000003a   Code   RO         3009    .text               mc_w.l(__dczerorl.o)
    0x00000322   0x00000002   PAD
    0x00000324   0x00000138   Code   RO           10    i.ButtonsInit       usb_dev_gamepad.o
    0x0000045c   0x00000014   Code   RO           11    i.ConfigurePins     usb_dev_gamepad.o
    0x00000470   0x0000003e   Code   RO         2555    i.DMAUSBIntHandler  usblib.lib(usbdma.o)
    0x000004ae   0x0000000e   Code   RO         2556    i.DMAUSBIntStatusClear  usblib.lib(usbdma.o)
    0x000004bc   0x00000004   Code   RO         2557    i.DMAUSBStatus      usblib.lib(usbdma.o)
    0x000004c0   0x00000058   Code   RO           12    i.GamepadHandler    usb_dev_gamepad.o
    0x00000518   0x000000c4   Code   RO           13    i.GetButtons        usb_dev_gamepad.o
    0x000005dc   0x000000a6   Code   RO         1009    i.HIDGamepadRxHandler  usblib.lib(usbdhidgamepad.o)
    0x00000682   0x0000001e   Code   RO         1010    i.HIDGamepadTxHandler  usblib.lib(usbdhidgamepad.o)
    0x000006a0   0x00000040   Code   RO         1975    i.HIDTickHandler    usblib.lib(usbdhid.o)
    0x000006e0   0x0000004e   Code   RO         1976    i.HandleConfigChange  usblib.lib(usbdhid.o)
    0x0000072e   0x00000080   Code   RO         1977    i.HandleDevice      usblib.lib(usbdhid.o)
    0x000007ae   0x0000001e   Code   RO         1978    i.HandleDisconnect  usblib.lib(usbdhid.o)
    0x000007cc   0x0000002c   Code   RO         1979    i.HandleEP0DataReceived  usblib.lib(usbdhid.o)
    0x000007f8   0x00000020   Code   RO         1980    i.HandleEP0DataSent  usblib.lib(usbdhid.o)
    0x00000818   0x00000120   Code   RO         1981    i.HandleEndpoints   usblib.lib(usbdhid.o)
    0x00000938   0x000000b8   Code   RO         1982    i.HandleGetDescriptor  usblib.lib(usbdhid.o)
    0x000009f0   0x0000019c   Code   RO         1983    i.HandleRequest     usblib.lib(usbdhid.o)
    0x00000b8c   0x0000001e   Code   RO         1984    i.HandleReset       usblib.lib(usbdhid.o)
    0x00000baa   0x0000000c   Code   RO         1985    i.HandleResume      usblib.lib(usbdhid.o)
    0x00000bb6   0x0000000c   Code   RO         1986    i.HandleSuspend     usblib.lib(usbdhid.o)
    0x00000bc2   0x00000002   PAD
    0x00000bc4   0x00000080   Code   RO           14    i.Init_PeripheralInit  usb_dev_gamepad.o
    0x00000c44   0x0000001c   Code   RO           15    i.Init_SystemInit   usb_dev_gamepad.o
    0x00000c60   0x00000064   Code   RO          516    i.IntDisable        driverlib.lib(interrupt.o)
    0x00000cc4   0x00000064   Code   RO          517    i.IntEnable         driverlib.lib(interrupt.o)
    0x00000d28   0x00000060   Code   RO          518    i.IntIsEnabled      driverlib.lib(interrupt.o)
    0x00000d88   0x0000000e   Code   RO          519    i.IntMasterDisable  driverlib.lib(interrupt.o)
    0x00000d96   0x0000000e   Code   RO          520    i.IntMasterEnable   driverlib.lib(interrupt.o)
    0x00000da4   0x00000034   Code   RO         2415    i.InternalUSBRegisterTickHandler  usblib.lib(usbtick.o)
    0x00000dd8   0x00000038   Code   RO         2416    i.InternalUSBStartOfFrameTick  usblib.lib(usbtick.o)
    0x00000e10   0x00000038   Code   RO         2417    i.InternalUSBTickInit  usblib.lib(usbtick.o)
    0x00000e48   0x000000b0   Code   RO         1987    i.ProcessIdleTimers  usblib.lib(usbdhid.o)
    0x00000ef8   0x00000028   Code   RO          666    i.SysCtlPeripheralEnable  driverlib.lib(sysctl.o)
    0x00000f20   0x0000002c   Code   RO          670    i.SysCtlPeripheralReady  driverlib.lib(sysctl.o)
    0x00000f4c   0x0000003c   Code   RO          671    i.SysCtlPeripheralReset  driverlib.lib(sysctl.o)
    0x00000f88   0x00000010   Code   RO          683    i.SysCtlUSBPLLEnable  driverlib.lib(sysctl.o)
    0x00000f98   0x0000005a   Code   RO         2796    i.ULPIConfigSet     usblib.lib(usbulpi.o)
    0x00000ff2   0x00000002   PAD
    0x00000ff4   0x00000018   Code   RO          974    i.USB0DeviceIntHandler  usblib.lib(usbdhandler.o)
    0x0000100c   0x0000000a   Code   RO         1178    i.USBClockEnable    driverlib.lib(usb.o)
    0x00001016   0x0000000a   Code   RO         1179    i.USBControllerVersion  driverlib.lib(usb.o)
    0x00001020   0x00000056   Code   RO         2456    i.USBDCDConfigDescGet  usblib.lib(usbdcdesc.o)
    0x00001076   0x00000036   Code   RO         2457    i.USBDCDConfigDescGetNum  usblib.lib(usbdcdesc.o)
    0x000010ac   0x00000022   Code   RO         2458    i.USBDCDConfigDescGetSize  usblib.lib(usbdcdesc.o)
    0x000010ce   0x000000ba   Code   RO         2459    i.USBDCDConfigGetInterface  usblib.lib(usbdcdesc.o)
    0x00001188   0x0000005e   Code   RO         2460    i.USBDCDConfigGetInterfaceEndpoint  usblib.lib(usbdcdesc.o)
    0x000011e6   0x00000002   PAD
    0x000011e8   0x00000044   Code   RO         1798    i.USBDCDDeviceInfoInit  usblib.lib(usbdenum.o)
    0x0000122c   0x00000194   Code   RO         1800    i.USBDCDInit        usblib.lib(usbdenum.o)
    0x000013c0   0x00000014   Code   RO         1804    i.USBDCDRequestDataEP0  usblib.lib(usbdenum.o)
    0x000013d4   0x00000014   Code   RO         1805    i.USBDCDSendDataEP0  usblib.lib(usbdenum.o)
    0x000013e8   0x0000001c   Code   RO         1807    i.USBDCDStallEP0    usblib.lib(usbdenum.o)
    0x00001404   0x000000a4   Code   RO         1809    i.USBDClearFeature  usblib.lib(usbdenum.o)
    0x000014a8   0x00000074   Code   RO         1810    i.USBDEP0StateTx    usblib.lib(usbdenum.o)
    0x0000151c   0x00000174   Code   RO         1811    i.USBDEP0StateTxConfig  usblib.lib(usbdenum.o)
    0x00001690   0x00000034   Code   RO         1812    i.USBDGetConfiguration  usblib.lib(usbdenum.o)
    0x000016c4   0x00000170   Code   RO         1813    i.USBDGetDescriptor  usblib.lib(usbdenum.o)
    0x00001834   0x0000005c   Code   RO         1814    i.USBDGetInterface  usblib.lib(usbdenum.o)
    0x00001890   0x00000088   Code   RO         1815    i.USBDGetStatus     usblib.lib(usbdenum.o)
    0x00001918   0x000000fc   Code   RO         1988    i.USBDHIDCompositeInit  usblib.lib(usbdhid.o)
    0x00001a14   0x000000a0   Code   RO         1011    i.USBDHIDGamepadCompositeInit  usblib.lib(usbdhidgamepad.o)
    0x00001ab4   0x00000038   Code   RO         1012    i.USBDHIDGamepadInit  usblib.lib(usbdhidgamepad.o)
    0x00001aec   0x00000046   Code   RO         1013    i.USBDHIDGamepadSendReport  usblib.lib(usbdhidgamepad.o)
    0x00001b32   0x00000026   Code   RO         1989    i.USBDHIDInit       usblib.lib(usbdhid.o)
    0x00001b58   0x000000a0   Code   RO         1993    i.USBDHIDReportWrite  usblib.lib(usbdhid.o)
    0x00001bf8   0x0000000e   Code   RO         1998    i.USBDHIDTxPacketAvailable  usblib.lib(usbdhid.o)
    0x00001c06   0x0000000a   Code   RO         1181    i.USBDMAChannelAddressSet  driverlib.lib(usb.o)
    0x00001c10   0x00000016   Code   RO         1182    i.USBDMAChannelConfigSet  driverlib.lib(usb.o)
    0x00001c26   0x0000000a   Code   RO         1184    i.USBDMAChannelCountSet  driverlib.lib(usb.o)
    0x00001c30   0x00000012   Code   RO         1185    i.USBDMAChannelDisable  driverlib.lib(usb.o)
    0x00001c42   0x00000012   Code   RO         1186    i.USBDMAChannelEnable  driverlib.lib(usb.o)
    0x00001c54   0x00000012   Code   RO         1187    i.USBDMAChannelIntDisable  driverlib.lib(usb.o)
    0x00001c66   0x00000012   Code   RO         1188    i.USBDMAChannelIntEnable  driverlib.lib(usb.o)
    0x00001c78   0x00000006   Code   RO         1189    i.USBDMAChannelIntStatus  driverlib.lib(usb.o)
    0x00001c7e   0x0000000e   Code   RO         1190    i.USBDMAChannelStatus  driverlib.lib(usb.o)
    0x00001c8c   0x0000007c   Code   RO         1816    i.USBDReadAndDispatchRequest  usblib.lib(usbdenum.o)
    0x00001d08   0x00000024   Code   RO         1817    i.USBDSetAddress    usblib.lib(usbdenum.o)
    0x00001d2c   0x000000a4   Code   RO         1818    i.USBDSetConfiguration  usblib.lib(usbdenum.o)
    0x00001dd0   0x00000028   Code   RO         1819    i.USBDSetDescriptor  usblib.lib(usbdenum.o)
    0x00001df8   0x00000084   Code   RO         1820    i.USBDSetFeature    usblib.lib(usbdenum.o)
    0x00001e7c   0x000000bc   Code   RO         1821    i.USBDSetInterface  usblib.lib(usbdenum.o)
    0x00001f38   0x00000028   Code   RO         1822    i.USBDSyncFrame     usblib.lib(usbdenum.o)
    0x00001f60   0x00000034   Code   RO         2516    i.USBDescGet        usblib.lib(usbdesc.o)
    0x00001f94   0x0000002e   Code   RO         2519    i.USBDescGetNum     usblib.lib(usbdesc.o)
    0x00001fc2   0x00000004   Code   RO         1194    i.USBDevAddrSet     driverlib.lib(usb.o)
    0x00001fc6   0x0000000a   Code   RO         1195    i.USBDevConnect     driverlib.lib(usb.o)
    0x00001fd0   0x0000000a   Code   RO         1196    i.USBDevDisconnect  driverlib.lib(usb.o)
    0x00001fda   0x00000088   Code   RO         1198    i.USBDevEndpointConfigSet  driverlib.lib(usb.o)
    0x00002062   0x00000024   Code   RO         1199    i.USBDevEndpointDataAck  driverlib.lib(usb.o)
    0x00002086   0x00000034   Code   RO         1200    i.USBDevEndpointStall  driverlib.lib(usb.o)
    0x000020ba   0x0000004a   Code   RO         1201    i.USBDevEndpointStallClear  driverlib.lib(usb.o)
    0x00002104   0x0000005e   Code   RO         1202    i.USBDevEndpointStatusClear  driverlib.lib(usb.o)
    0x00002162   0x00000006   Code   RO         1203    i.USBDevLPMConfig   driverlib.lib(usb.o)
    0x00002168   0x0000000e   Code   RO         1204    i.USBDevLPMDisable  driverlib.lib(usb.o)
    0x00002176   0x0000000e   Code   RO         1205    i.USBDevLPMEnable   driverlib.lib(usb.o)
    0x00002184   0x00000008   Code   RO         1207    i.USBDevMode        driverlib.lib(usb.o)
    0x0000218c   0x000001a0   Code   RO         2498    i.USBDeviceConfig   usblib.lib(usbdconfig.o)
    0x0000232c   0x000000c4   Code   RO         2499    i.USBDeviceConfigAlternate  usblib.lib(usbdconfig.o)
    0x000023f0   0x000000ec   Code   RO         1823    i.USBDeviceEnumHandler  usblib.lib(usbdenum.o)
    0x000024dc   0x00000198   Code   RO         1825    i.USBDeviceIntHandlerInternal  usblib.lib(usbdenum.o)
    0x00002674   0x00000058   Code   RO         1826    i.USBDeviceResumeTickHandler  usblib.lib(usbdenum.o)
    0x000026cc   0x0000001e   Code   RO         1209    i.USBEndpointDMAChannel  driverlib.lib(usb.o)
    0x000026ea   0x00000056   Code   RO         1210    i.USBEndpointDMAConfigSet  driverlib.lib(usb.o)
    0x00002740   0x00000024   Code   RO         1211    i.USBEndpointDMADisable  driverlib.lib(usb.o)
    0x00002764   0x00000024   Code   RO         1212    i.USBEndpointDMAEnable  driverlib.lib(usb.o)
    0x00002788   0x0000001e   Code   RO         1213    i.USBEndpointDataAvail  driverlib.lib(usb.o)
    0x000027a6   0x00000054   Code   RO         1214    i.USBEndpointDataGet  driverlib.lib(usb.o)
    0x000027fa   0x0000003a   Code   RO         1215    i.USBEndpointDataPut  driverlib.lib(usb.o)
    0x00002834   0x00000030   Code   RO         1216    i.USBEndpointDataSend  driverlib.lib(usb.o)
    0x00002864   0x0000000c   Code   RO         1218    i.USBEndpointPacketCountSet  driverlib.lib(usb.o)
    0x00002870   0x00000010   Code   RO         1219    i.USBEndpointStatus  driverlib.lib(usb.o)
    0x00002880   0x00000008   Code   RO         1220    i.USBFIFOAddrGet    driverlib.lib(usb.o)
    0x00002888   0x00000040   Code   RO         1222    i.USBFIFOConfigSet  driverlib.lib(usb.o)
    0x000028c8   0x00000044   Code   RO           18    i.USBHIDInit        usb_dev_gamepad.o
    0x0000290c   0x00000012   Code   RO         1249    i.USBHostResume     driverlib.lib(usb.o)
    0x0000291e   0x00000002   PAD
    0x00002920   0x0000002c   Code   RO         1254    i.USBIntEnableControl  driverlib.lib(usb.o)
    0x0000294c   0x00000016   Code   RO         1255    i.USBIntEnableEndpoint  driverlib.lib(usb.o)
    0x00002962   0x00000002   PAD
    0x00002964   0x00000040   Code   RO         1257    i.USBIntStatusControl  driverlib.lib(usb.o)
    0x000029a4   0x0000000a   Code   RO         1258    i.USBIntStatusEndpoint  driverlib.lib(usb.o)
    0x000029ae   0x0000000c   Code   RO         1262    i.USBLPMIntEnable   driverlib.lib(usb.o)
    0x000029ba   0x00000006   Code   RO         1263    i.USBLPMIntStatus   driverlib.lib(usb.o)
    0x000029c0   0x0000015c   Code   RO         2559    i.USBLibDMAInit     usblib.lib(usbdma.o)
    0x00002b1c   0x00000008   Code   RO         1269    i.USBOTGMode        driverlib.lib(usb.o)
    0x00002b24   0x0000001c   Code   RO         1082    i.USBStackModeSet   usblib.lib(usbmode.o)
    0x00002b40   0x00000010   Code   RO         1274    i.USBULPIDisable    driverlib.lib(usb.o)
    0x00002b50   0x00000010   Code   RO         1275    i.USBULPIEnable     driverlib.lib(usb.o)
    0x00002b60   0x00000020   Code   RO         1276    i.USBULPIRegRead    driverlib.lib(usb.o)
    0x00002b80   0x00000020   Code   RO         1277    i.USBULPIRegWrite   driverlib.lib(usb.o)
    0x00002ba0   0x0000000e   Code   RO         3003    i.__scatterload_copy  mc_w.l(handlers.o)
    0x00002bae   0x00000002   Code   RO         3004    i.__scatterload_null  mc_w.l(handlers.o)
    0x00002bb0   0x0000000e   Code   RO         3005    i.__scatterload_zeroinit  mc_w.l(handlers.o)
    0x00002bbe   0x00000002   Code   RO         2561    i.iDMAUSBArbSizeSet  usblib.lib(usbdma.o)
    0x00002bc0   0x00000084   Code   RO         2562    i.iDMAUSBChannelAllocate  usblib.lib(usbdma.o)
    0x00002c44   0x00000034   Code   RO         2563    i.iDMAUSBChannelDisable  usblib.lib(usbdma.o)
    0x00002c78   0x00000052   Code   RO         2564    i.iDMAUSBChannelEnable  usblib.lib(usbdma.o)
    0x00002cca   0x00000008   Code   RO         2565    i.iDMAUSBChannelIntDisable  usblib.lib(usbdma.o)
    0x00002cd2   0x00000008   Code   RO         2566    i.iDMAUSBChannelIntEnable  usblib.lib(usbdma.o)
    0x00002cda   0x0000003e   Code   RO         2567    i.iDMAUSBChannelRelease  usblib.lib(usbdma.o)
    0x00002d18   0x00000038   Code   RO         2568    i.iDMAUSBChannelStatus  usblib.lib(usbdma.o)
    0x00002d50   0x00000006   Code   RO         2569    i.iDMAUSBIntStatus  usblib.lib(usbdma.o)
    0x00002d56   0x000000f0   Code   RO         2570    i.iDMAUSBTransfer   usblib.lib(usbdma.o)
    0x00002e46   0x00000002   Code   RO         2571    i.iDMAUSBUnitSizeSet  usblib.lib(usbdma.o)
    0x00002e48   0x000000a8   Code   RO           19    i.main              usb_dev_gamepad.o
    0x00002ef0   0x00000048   Code   RO         2818    i.uDMAChannelAttributeDisable  driverlib.lib(udma.o)
    0x00002f38   0x00000020   Code   RO         2821    i.uDMAChannelControlSet  driverlib.lib(udma.o)
    0x00002f58   0x00000014   Code   RO         2822    i.uDMAChannelDisable  driverlib.lib(udma.o)
    0x00002f6c   0x00000014   Code   RO         2823    i.uDMAChannelEnable  driverlib.lib(udma.o)
    0x00002f80   0x00000028   Code   RO         2825    i.uDMAChannelModeGet  driverlib.lib(udma.o)
    0x00002fa8   0x00000080   Code   RO         2831    i.uDMAChannelTransferSet  driverlib.lib(udma.o)
    0x00003028   0x00000068   Code   RO         2572    i.uDMAUSBArbSizeSet  usblib.lib(usbdma.o)
    0x00003090   0x000000c0   Code   RO         2573    i.uDMAUSBChannelAllocate  usblib.lib(usbdma.o)
    0x00003150   0x00000058   Code   RO         2574    i.uDMAUSBChannelDisable  usblib.lib(usbdma.o)
    0x000031a8   0x0000006a   Code   RO         2575    i.uDMAUSBChannelEnable  usblib.lib(usbdma.o)
    0x00003212   0x00000002   Code   RO         2576    i.uDMAUSBChannelIntDisable  usblib.lib(usbdma.o)
    0x00003214   0x00000002   Code   RO         2577    i.uDMAUSBChannelIntEnable  usblib.lib(usbdma.o)
    0x00003216   0x0000005a   Code   RO         2578    i.uDMAUSBChannelRelease  usblib.lib(usbdma.o)
    0x00003270   0x00000026   Code   RO         2579    i.uDMAUSBChannelStatus  usblib.lib(usbdma.o)
    0x00003296   0x00000036   Code   RO         2580    i.uDMAUSBIntStatus  usblib.lib(usbdma.o)
    0x000032cc   0x000000c8   Code   RO         2581    i.uDMAUSBTransfer   usblib.lib(usbdma.o)
    0x00003394   0x00000054   Code   RO         2582    i.uDMAUSBUnitSizeSet  usblib.lib(usbdma.o)
    0x000033e8   0x00000004   Data   RO          159    .constdata          usb_gamepad_structs.o
    0x000033ec   0x00000024   Data   RO          160    .constdata          usb_gamepad_structs.o
    0x00003410   0x00000028   Data   RO          161    .constdata          usb_gamepad_structs.o
    0x00003438   0x00000012   Data   RO          162    .constdata          usb_gamepad_structs.o
    0x0000344a   0x0000002c   Data   RO          163    .constdata          usb_gamepad_structs.o
    0x00003476   0x00000034   Data   RO          164    .constdata          usb_gamepad_structs.o
    0x000034aa   0x00000002   PAD
    0x000034ac   0x00000018   Data   RO          165    .constdata          usb_gamepad_structs.o
    0x000034c4   0x0000010c   Data   RO          533    .constdata          driverlib.lib(interrupt.o)
    0x000035d0   0x00000007   Data   RO         1015    .constdata          usblib.lib(usbdhidgamepad.o)
    0x000035d7   0x00000030   Data   RO         1016    .constdata          usblib.lib(usbdhidgamepad.o)
    0x00003607   0x00000001   PAD
    0x00003608   0x00000008   Data   RO         1017    .constdata          usblib.lib(usbdhidgamepad.o)
    0x00003610   0x00000008   Data   RO         1018    .constdata          usblib.lib(usbdhidgamepad.o)
    0x00003618   0x00000008   Data   RO         1019    .constdata          usblib.lib(usbdhidgamepad.o)
    0x00003620   0x00000004   Data   RO         1020    .constdata          usblib.lib(usbdhidgamepad.o)
    0x00003624   0x00000034   Data   RO         1828    .constdata          usblib.lib(usbdenum.o)
    0x00003658   0x00000030   Data   RO         1999    .constdata          usblib.lib(usbdhid.o)
    0x00003688   0x00000020   Data   RO         3001    Region$$Table       anon$$obj.o


    Execution Region RW_IRAM (Base: 0x20000000, Size: 0x00000700, Max: 0x00008000, ABSOLUTE, COMPRESSED[0x0000005c])

    Base Addr    Size         Type   Attr      Idx    E Section Name        Object

    0x20000000   0x00000013   Data   RW           20    .data               usb_dev_gamepad.o
    0x20000013   0x00000001   PAD
    0x20000014   0x00000098   Data   RW          166    .data               usb_gamepad_structs.o
    0x200000ac   0x00000016   Data   RW         1021    .data               usblib.lib(usbdhidgamepad.o)
    0x200000c2   0x00000009   Data   RW         1022    .data               usblib.lib(usbdhidgamepad.o)
    0x200000cb   0x00000001   PAD
    0x200000cc   0x00000008   Data   RW         1023    .data               usblib.lib(usbdhidgamepad.o)
    0x200000d4   0x00000010   Data   RW         1024    .data               usblib.lib(usbdhidgamepad.o)
    0x200000e4   0x00000008   Data   RW         1025    .data               usblib.lib(usbdhidgamepad.o)
    0x200000ec   0x00000010   Data   RW         1083    .data               usblib.lib(usbmode.o)
    0x200000fc   0x00000010   Data   RW         1829    .data               usblib.lib(usbdenum.o)
    0x2000010c   0x00000012   Data   RW         2000    .data               usblib.lib(usbdhid.o)
    0x2000011e   0x00000002   PAD
    0x20000120   0x00000008   Data   RW         2420    .data               usblib.lib(usbtick.o)
    0x20000128   0x00000004   Data   RW         2421    .data               usblib.lib(usbtick.o)
    0x2000012c   0x00000090   Zero   RW         1827    .bss                usblib.lib(usbdenum.o)
    0x200001bc   0x00000030   Zero   RW         2419    .bss                usblib.lib(usbtick.o)
    0x200001ec   0x00000110   Zero   RW         2583    .bss                usblib.lib(usbdma.o)
    0x200002fc   0x00000004   PAD
    0x20000300   0x00000400   Zero   RW            1    STACK               startup_rvmdk.o


==============================================================================

Image component sizes


      Code (inc. data)   RO Data    RW Data    ZI Data      Debug   Object Name

       648        622          0          0       1024        248   startup_rvmdk.o
      1008        120          0         19          0      35851   usb_dev_gamepad.o
         0          0        218        152          0       1359   usb_gamepad_structs.o

    ----------------------------------------------------------------------
      1656        742        252        172       1024      37458   Object Totals
         0          0         32          0          0          0   (incl. Generated)
         0          0          2          1          0          0   (incl. Padding)

    ----------------------------------------------------------------------

      Code (inc. data)   RO Data    RW Data    ZI Data      Debug   Library Member Name

        38          0          0          0          0        540   cpu.o
         0          0          0          0          0       2780   gpio.o
       324         24        268          0          0       3585   interrupt.o
       160         16          0          0          0       3290   sysctl.o
       312         32          0          0          0       3785   udma.o
      1400         12          0          0          0      39987   usb.o
        58          0          0          0          0          0   __dczerorl.o
         0          0          0          0          0          0   entry.o
         0          0          0          0          0          0   entry10a.o
         0          0          0          0          0          0   entry11a.o
         8          4          0          0          0          0   entry2.o
         4          0          0          0          0          0   entry5.o
         0          0          0          0          0          0   entry7b.o
         0          0          0          0          0          0   entry8b.o
         8          4          0          0          0          0   entry9a.o
        30          0          0          0          0          0   handlers.o
        36          8          0          0          0         68   init.o
       454          0          0          0          0       4555   usbdcdesc.o
       612         12          0          0          0       3457   usbdconfig.o
      3296        266         52         16        144      18174   usbdenum.o
        98          0          0          0          0      11729   usbdesc.o
        24          4          0          0          0      15739   usbdhandler.o
      1954         46         48         18          0      13556   usbdhid.o
       482         34         83         63          0      18917   usbdhidgamepad.o
      2038        124          0          0        272      14332   usbdma.o
        28          4          0         16          0       1838   usbmode.o
       164         28          0         12         48      15768   usbtick.o
        90          0          0          0          0        532   usbulpi.o

    ----------------------------------------------------------------------
     11632        618        452        128        468     172632   Library Totals
        14          0          1          3          4          0   (incl. Padding)

    ----------------------------------------------------------------------

      Code (inc. data)   RO Data    RW Data    ZI Data      Debug   Library Name

      2234         84        268          0          0      53967   driverlib.lib
       144         16          0          0          0         68   mc_w.l
      9240        518        183        125        464     118597   usblib.lib

    ----------------------------------------------------------------------
     11632        618        452        128        468     172632   Library Totals

    ----------------------------------------------------------------------

==============================================================================


      Code (inc. data)   RO Data    RW Data    ZI Data      Debug   

     13288       1360        704        300       1492     195190   Grand Totals
     13288       1360        704         92       1492     195190   ELF Image Totals (compressed)
     13288       1360        704         92          0          0   ROM Totals

==============================================================================

    Total RO  Size (Code + RO Data)                13992 (  13.66kB)
    Total RW  Size (RW Data + ZI Data)              1792 (   1.75kB)
    Total ROM Size (Code + RO Data + RW Data)      14084 (  13.75kB)

==============================================================================

